Component: ARM Compiler 5.06 update 7 (build 960) Tool: armlink [4d3601]

==============================================================================

Section Cross References

    startup_stm32f10x_hd.o(STACK) refers (Special) to heapauxi.o(.text) for __use_two_region_memory
    startup_stm32f10x_hd.o(HEAP) refers (Special) to heapauxi.o(.text) for __use_two_region_memory
    startup_stm32f10x_hd.o(RESET) refers (Special) to heapauxi.o(.text) for __use_two_region_memory
    startup_stm32f10x_hd.o(RESET) refers to startup_stm32f10x_hd.o(STACK) for __initial_sp
    startup_stm32f10x_hd.o(RESET) refers to startup_stm32f10x_hd.o(.text) for Reset_Handler
    startup_stm32f10x_hd.o(RESET) refers to stm32f10x_it.o(i.NMI_Handler) for NMI_Handler
    startup_stm32f10x_hd.o(RESET) refers to stm32f10x_it.o(i.HardFault_Handler) for HardFault_Handler
    startup_stm32f10x_hd.o(RESET) refers to stm32f10x_it.o(i.MemManage_Handler) for MemManage_Handler
    startup_stm32f10x_hd.o(RESET) refers to stm32f10x_it.o(i.BusFault_Handler) for BusFault_Handler
    startup_stm32f10x_hd.o(RESET) refers to stm32f10x_it.o(i.UsageFault_Handler) for UsageFault_Handler
    startup_stm32f10x_hd.o(RESET) refers to port.o(.emb_text) for SVC_Handler
    startup_stm32f10x_hd.o(RESET) refers to stm32f10x_it.o(i.DebugMon_Handler) for DebugMon_Handler
    startup_stm32f10x_hd.o(RESET) refers to port.o(i.SysTick_Handler) for SysTick_Handler
    startup_stm32f10x_hd.o(RESET) refers to uart.o(i.USART1_IRQHandler) for USART1_IRQHandler
    startup_stm32f10x_hd.o(RESET) refers to main.o(i.TIM6_IRQHandler) for TIM6_IRQHandler
    startup_stm32f10x_hd.o(.text) refers (Special) to heapauxi.o(.text) for __use_two_region_memory
    startup_stm32f10x_hd.o(.text) refers to system_stm32f10x.o(i.SystemInit) for SystemInit
    startup_stm32f10x_hd.o(.text) refers to __main.o(!!!main) for __main
    startup_stm32f10x_hd.o(.text) refers to startup_stm32f10x_hd.o(HEAP) for Heap_Mem
    startup_stm32f10x_hd.o(.text) refers to startup_stm32f10x_hd.o(STACK) for Stack_Mem
    uart.o(i.USART1_IRQHandler) refers (Special) to use_no_semi_2.o(.text) for __use_no_semihosting
    uart.o(i.USART1_IRQHandler) refers to stm32f10x_usart.o(i.USART_GetFlagStatus) for USART_GetFlagStatus
    uart.o(i.USART1_IRQHandler) refers to stm32f10x_usart.o(i.USART_ReceiveData) for USART_ReceiveData
    uart.o(i.USART1_IRQHandler) refers to stm32f10x_usart.o(i.USART_ClearITPendingBit) for USART_ClearITPendingBit
    uart.o(i.USART1_IRQHandler) refers to uart.o(.data) for UART_Rx_Data
    uart.o(i._sys_exit) refers (Special) to use_no_semi_2.o(.text) for __use_no_semihosting
    uart.o(i.fputc) refers (Special) to use_no_semi_2.o(.text) for __use_no_semihosting
    uart.o(i.uart_get_rx_data) refers (Special) to use_no_semi_2.o(.text) for __use_no_semihosting
    uart.o(i.uart_get_rx_data) refers to uart.o(.data) for UART_Rx_Data
    uart.o(i.uart_get_rx_flag) refers (Special) to use_no_semi_2.o(.text) for __use_no_semihosting
    uart.o(i.uart_get_rx_flag) refers to uart.o(.data) for UART_Rx_Flag
    uart.o(i.uart_gpio_init) refers (Special) to use_no_semi_2.o(.text) for __use_no_semihosting
    uart.o(i.uart_gpio_init) refers to stm32f10x_rcc.o(i.RCC_APB2PeriphClockCmd) for RCC_APB2PeriphClockCmd
    uart.o(i.uart_gpio_init) refers to stm32f10x_gpio.o(i.GPIO_Init) for GPIO_Init
    uart.o(i.uart_init) refers (Special) to use_no_semi_2.o(.text) for __use_no_semihosting
    uart.o(i.uart_init) refers to uart.o(i.uart_gpio_init) for uart_gpio_init
    uart.o(i.uart_init) refers to stm32f10x_rcc.o(i.RCC_APB2PeriphClockCmd) for RCC_APB2PeriphClockCmd
    uart.o(i.uart_init) refers to stm32f10x_usart.o(i.USART_Init) for USART_Init
    uart.o(i.uart_init) refers to stm32f10x_usart.o(i.USART_ITConfig) for USART_ITConfig
    uart.o(i.uart_init) refers to misc.o(i.NVIC_Init) for NVIC_Init
    uart.o(i.uart_init) refers to stm32f10x_usart.o(i.USART_Cmd) for USART_Cmd
    uart.o(i.uart_init) refers to stm32f10x_usart.o(i.USART_ClearFlag) for USART_ClearFlag
    uart.o(i.uart_pow) refers (Special) to use_no_semi_2.o(.text) for __use_no_semihosting
    uart.o(i.uart_printf) refers (Special) to use_no_semi_2.o(.text) for __use_no_semihosting
    uart.o(i.uart_printf) refers to vsprintf.o(.text) for vsprintf
    uart.o(i.uart_printf) refers to uart.o(i.uart_send_string) for uart_send_string
    uart.o(i.uart_send_array) refers (Special) to use_no_semi_2.o(.text) for __use_no_semihosting
    uart.o(i.uart_send_array) refers to uart.o(i.uart_send_byte) for uart_send_byte
    uart.o(i.uart_send_byte) refers (Special) to use_no_semi_2.o(.text) for __use_no_semihosting
    uart.o(i.uart_send_byte) refers to stm32f10x_usart.o(i.USART_SendData) for USART_SendData
    uart.o(i.uart_send_byte) refers to stm32f10x_usart.o(i.USART_GetFlagStatus) for USART_GetFlagStatus
[...]
    ../clib/printf.c                         0x00000000   Number         0  _printf_fp_infnan.o ABSOLUTE
    ../clib/printf.c                         0x00000000   Number         0  __printf_ss.o ABSOLUTE
    ../clib/printf.c                         0x00000000   Number         0  _printf_wchar.o ABSOLUTE
    ../clib/printf.c                         0x00000000   Number         0  __printf_wp.o ABSOLUTE
    ../clib/printf.c                         0x00000000   Number         0  _printf_fp_hex.o ABSOLUTE
    ../clib/printf.c                         0x00000000   Number         0  _printf_hex_ll.o ABSOLUTE
    ../clib/printf.c                         0x00000000   Number         0  noretval__2printf.o ABSOLUTE
    ../clib/printf.c                         0x00000000   Number         0  __2printf.o ABSOLUTE
    ../clib/printf.c                         0x00000000   Number         0  _printf_hex_int_ll.o ABSOLUTE
    ../clib/printf.c                         0x00000000   Number         0  __printf_ss_wp.o ABSOLUTE
    ../clib/printf.c                         0x00000000   Number         0  vsprintf.o ABSOLUTE
    ../clib/printf.c                         0x00000000   Number         0  __printf_nopercent.o ABSOLUTE
    ../clib/printf.c                         0x00000000   Number         0  __printf_flags_ss_wp.o ABSOLUTE
    ../clib/printf.c                         0x00000000   Number         0  __printf_flags_ss.o ABSOLUTE
    ../clib/printf.c                         0x00000000   Number         0  _printf_hex_int_ll_ptr.o ABSOLUTE
    ../clib/printf.c                         0x00000000   Number         0  _printf_char.o ABSOLUTE
    ../clib/printf.c                         0x00000000   Number         0  _printf_hex_int_ptr.o ABSOLUTE
    ../clib/printf_percent.s                 0x00000000   Number         0  _printf_s.o ABSOLUTE
    ../clib/printf_percent.s                 0x00000000   Number         0  _printf_c.o ABSOLUTE
    ../clib/printf_percent.s                 0x00000000   Number         0  _printf_llo.o ABSOLUTE
    ../clib/printf_percent.s                 0x00000000   Number         0  _printf_ls.o ABSOLUTE
    ../clib/printf_percent.s                 0x00000000   Number         0  _printf_lc.o ABSOLUTE
    ../clib/printf_percent.s                 0x00000000   Number         0  _printf_l.o ABSOLUTE
    ../clib/printf_percent.s                 0x00000000   Number         0  _printf_ll.o ABSOLUTE
    ../clib/printf_percent.s                 0x00000000   Number         0  _printf_llu.o ABSOLUTE
    ../clib/printf_percent.s                 0x00000000   Number         0  _printf_lld.o ABSOLUTE
    ../clib/printf_percent.s                 0x00000000   Number         0  _printf_lli.o ABSOLUTE
    ../clib/printf_percent.s                 0x00000000   Number         0  _printf_percent.o ABSOLUTE
    ../clib/printf_percent.s                 0x00000000   Number         0  _printf_g.o ABSOLUTE
    ../clib/printf_percent.s                 0x00000000   Number         0  _printf_e.o ABSOLUTE
    ../clib/printf_percent.s                 0x00000000   Number         0  _printf_f.o ABSOLUTE
    ../clib/printf_percent.s                 0x00000000   Number         0  _printf_d.o ABSOLUTE
    ../clib/printf_percent.s                 0x00000000   Number         0  _printf_u.o ABSOLUTE
    ../clib/printf_percent.s                 0x00000000   Number         0  _printf_percent_end.o ABSOLUTE
    ../clib/printf_percent.s                 0x00000000   Number         0  _printf_a.o ABSOLUTE
    ../clib/printf_percent.s                 0x00000000   Number         0  _printf_llx.o ABSOLUTE
    ../clib/printf_percent.s                 0x00000000   Number         0  _printf_i.o ABSOLUTE
    ../clib/printf_percent.s                 0x00000000   Number         0  _printf_n.o ABSOLUTE
    ../clib/printf_percent.s                 0x00000000   Number         0  _printf_o.o ABSOLUTE
    ../clib/printf_percent.s                 0x00000000   Number         0  _printf_p.o ABSOLUTE
    ../clib/printf_percent.s                 0x00000000   Number         0  _printf_x.o ABSOLUTE
    ../clib/signal.c                         0x00000000   Number         0  defsig_rtmem_outer.o ABSOLUTE
    ../clib/signal.c                         0x00000000   Number         0  defsig_rtmem_formal.o ABSOLUTE
    ../clib/signal.c                         0x00000000   Number         0  defsig_exit.o ABSOLUTE
    ../clib/signal.c                         0x00000000   Number         0  __raise.o ABSOLUTE
    ../clib/signal.c                         0x00000000   Number         0  defsig_general.o ABSOLUTE
    ../clib/signal.c                         0x00000000   Number         0  defsig_abrt_inner.o ABSOLUTE
    ../clib/signal.c                         0x00000000   Number         0  defsig_fpe_inner.o ABSOLUTE
    ../clib/signal.c                         0x00000000   Number         0  defsig_rtred_inner.o ABSOLUTE
    ../clib/signal.c                         0x00000000   Number         0  defsig_stak_inner.o ABSOLUTE
    ../clib/signal.c                         0x00000000   Number         0  defsig_pvfn_inner.o ABSOLUTE
    ../clib/signal.c                         0x00000000   Number         0  defsig_cppl_inner.o ABSOLUTE
    ../clib/signal.c                         0x00000000   Number         0  defsig_segv_inner.o ABSOLUTE
    ../clib/signal.c                         0x00000000   Number         0  defsig_other.o ABSOLUTE
    ../clib/signal.c                         0x00000000   Number         0  defsig_rtmem_inner.o ABSOLUTE
    ../clib/signal.s                         0x00000000   Number         0  defsig.o ABSOLUTE
    ../clib/stdio.c                          0x00000000   Number         0  ferror.o ABSOLUTE
    ../clib/stdio.c                          0x00000000   Number         0  ferror_locked.o ABSOLUTE
    ../clib/stdlib.c                         0x00000000   Number         0  exit.o ABSOLUTE
    ../fplib/daddsub.s                       0x00000000   Number         0  daddsub_clz.o ABSOLUTE
    ../fplib/dcmpi.s                         0x00000000   Number         0  dcmpi.o ABSOLUTE
    ../fplib/dfixu.s                         0x00000000   Number         0  dfixu.o ABSOLUTE
    ../fplib/dflt.s                          0x00000000   Number         0  dflt_clz.o ABSOLUTE
    ../fplib/dleqf.s                         0x00000000   Number         0  dleqf.o ABSOLUTE
    ../fplib/dmul.s                          0x00000000   Number         0  dmul.o ABSOLUTE
    ../fplib/dnaninf.s                       0x00000000   Number         0  dnaninf.o ABSOLUTE
    ../fplib/dretinf.s                       0x00000000   Number         0  dretinf.o ABSOLUTE
    ../fplib/drleqf.s                        0x00000000   Number         0  drleqf.o ABSOLUTE
    ../fplib/drnd.s                          0x00000000   Number         0  drnd.o ABSOLUTE
    ../fplib/fpinit.s                        0x00000000   Number         0  fpinit.o ABSOLUTE
    ../fplib/istatus.s                       0x00000000   Number         0  istatus.o ABSOLUTE
    ../fplib/printf1.s                       0x00000000   Number         0  printf1.o ABSOLUTE
    ../fplib/printf2.s                       0x00000000   Number         0  printf2.o ABSOLUTE
    ../fplib/printf2a.s                      0x00000000   Number         0  printf2a.o ABSOLUTE
    ../fplib/printf2b.s                      0x00000000   Number         0  printf2b.o ABSOLUTE
    ../fplib/usenofp.s                       0x00000000   Number         0  usenofp.o ABSOLUTE
    ../mathlib/fpclassify.c                  0x00000000   Number         0  fpclassify.o ABSOLUTE
    ../mathlib/round.c                       0x00000000   Number         0  round.o ABSOLUTE
    ..\..\Drivers\BSP\KEY\key.c              0x00000000   Number         0  key.o ABSOLUTE
    ..\..\Drivers\BSP\LED\led.c              0x00000000   Number         0  led.o ABSOLUTE
    ..\..\Drivers\BSP\OLED_IIC\oled.c        0x00000000   Number         0  oled.o ABSOLUTE
    ..\..\Drivers\BSP\TIMER\gtim.c           0x00000000   Number         0  gtim.o ABSOLUTE
    ..\..\Drivers\CMSIS\Device\ST\STM32F10x\Source\arm\startup_stm32f10x_hd.s 0x00000000   Number         0  startup_stm32f10x_hd.o ABSOLUTE
    ..\..\Drivers\CMSIS\Device\ST\STM32F10x\Source\system_stm32f10x.c 0x00000000   Number         0  system_stm32f10x.o ABSOLUTE
    ..\..\Drivers\FreeRTOS\freertos_run.c    0x00000000   Number         0  freertos_run.o ABSOLUTE
    ..\..\Drivers\STM32F10x_StdPeriph_Driver\src\misc.c 0x00000000   Number         0  misc.o ABSOLUTE
    ..\..\Drivers\STM32F10x_StdPeriph_Driver\src\stm32f10x_adc.c 0x00000000   Number         0  stm32f10x_adc.o ABSOLUTE
    ..\..\Drivers\STM32F10x_StdPeriph_Driver\src\stm32f10x_bkp.c 0x00000000   Number         0  stm32f10x_bkp.o ABSOLUTE
    ..\..\Drivers\STM32F10x_StdPeriph_Driver\src\stm32f10x_can.c 0x00000000   Number         0  stm32f10x_can.o ABSOLUTE
    ..\..\Drivers\STM32F10x_StdPeriph_Driver\src\stm32f10x_cec.c 0x00000000   Number         0  stm32f10x_cec.o ABSOLUTE
    ..\..\Drivers\STM32F10x_StdPeriph_Driver\src\stm32f10x_crc.c 0x00000000   Number         0  stm32f10x_crc.o ABSOLUTE
    ..\..\Drivers\STM32F10x_StdPeriph_Driver\src\stm32f10x_dac.c 0x00000000   Number         0  stm32f10x_dac.o ABSOLUTE
    ..\..\Drivers\STM32F10x_StdPeriph_Driver\src\stm32f10x_dbgmcu.c 0x00000000   Number         0  stm32f10x_dbgmcu.o ABSOLUTE
    ..\..\Drivers\STM32F10x_StdPeriph_Driver\src\stm32f10x_dma.c 0x00000000   Number         0  stm32f10x_dma.o ABSOLUTE
    ..\..\Drivers\STM32F10x_StdPeriph_Driver\src\stm32f10x_exti.c 0x00000000   Number         0  stm32f10x_exti.o ABSOLUTE
    ..\..\Drivers\STM32F10x_StdPeriph_Driver\src\stm32f10x_flash.c 0x00000000   Number         0  stm32f10x_flash.o ABSOLUTE
    ..\..\Drivers\STM32F10x_StdPeriph_Driver\src\stm32f10x_fsmc.c 0x00000000   Number         0  stm32f10x_fsmc.o ABSOLUTE
    ..\..\Drivers\STM32F10x_StdPeriph_Driver\src\stm32f10x_gpio.c 0x00000000   Number         0  stm32f10x_gpio.o ABSOLUTE
    ..\..\Drivers\STM32F10x_StdPeriph_Driver\src\stm32f10x_i2c.c 0x00000000   Number         0  stm32f10x_i2c.o ABSOLUTE
    ..\..\Drivers\STM32F10x_StdPeriph_Driver\src\stm32f10x_iwdg.c 0x00000000   Number         0  stm32f10x_iwdg.o ABSOLUTE
    ..\..\Drivers\STM32F10x_StdPeriph_Driver\src\stm32f10x_pwr.c 0x00000000   Number         0  stm32f10x_pwr.o ABSOLUTE
    ..\..\Drivers\STM32F10x_StdPeriph_Driver\src\stm32f10x_rcc.c 0x00000000   Number         0  stm32f10x_rcc.o ABSOLUTE
    ..\..\Drivers\STM32F10x_StdPeriph_Driver\src\stm32f10x_rtc.c 0x00000000   Number         0  stm32f10x_rtc.o ABSOLUTE
    ..\..\Drivers\STM32F10x_StdPeriph_Driver\src\stm32f10x_sdio.c 0x00000000   Number         0  stm32f10x_sdio.o ABSOLUTE
    ..\..\Drivers\STM32F10x_StdPeriph_Driver\src\stm32f10x_spi.c 0x00000000   Number         0  stm32f10x_spi.o ABSOLUTE
    ..\..\Drivers\STM32F10x_StdPeriph_Driver\src\stm32f10x_tim.c 0x00000000   Number         0  stm32f10x_tim.o ABSOLUTE
    ..\..\Drivers\STM32F10x_StdPeriph_Driver\src\stm32f10x_usart.c 0x00000000   Number         0  stm32f10x_usart.o ABSOLUTE
    ..\..\Drivers\STM32F10x_StdPeriph_Driver\src\stm32f10x_wwdg.c 0x00000000   Number         0  stm32f10x_wwdg.o ABSOLUTE
    ..\..\Drivers\SYSTEM\delay\delay.c       0x00000000   Number         0  delay.o ABSOLUTE
    ..\..\Drivers\SYSTEM\sys\sys.c           0x00000000   Number         0  sys.o ABSOLUTE
    ..\..\Drivers\SYSTEM\usart\uart.c        0x00000000   Number         0  uart.o ABSOLUTE
    ..\..\FreeRTOS\croutine.c                0x00000000   Number         0  croutine.o ABSOLUTE
    ..\..\FreeRTOS\event_groups.c            0x00000000   Number         0  event_groups.o ABSOLUTE
    ..\..\FreeRTOS\list.c                    0x00000000   Number         0  list.o ABSOLUTE
    ..\..\FreeRTOS\portable\MemMang\heap_4.c 0x00000000   Number         0  heap_4.o ABSOLUTE
    ..\..\FreeRTOS\portable\RVDS\ARM_CM3\port.c 0x00000000   Number         0  port.o ABSOLUTE
    ..\..\FreeRTOS\queue.c                   0x00000000   Number         0  queue.o ABSOLUTE
    ..\..\FreeRTOS\stream_buffer.c           0x00000000   Number         0  stream_buffer.o ABSOLUTE
    ..\..\FreeRTOS\tasks.c                   0x00000000   Number         0  tasks.o ABSOLUTE
    ..\..\FreeRTOS\timers.c                  0x00000000   Number         0  timers.o ABSOLUTE
    ..\..\Users\main.c                       0x00000000   Number         0  main.o ABSOLUTE
    ..\..\Users\stm32f10x_it.c               0x00000000   Number         0  stm32f10x_it.o ABSOLUTE
    ..\\..\\Drivers\\SYSTEM\\sys\\sys.c      0x00000000   Number         0  sys.o ABSOLUTE
    ..\\..\\FreeRTOS\\portable\\RVDS\\ARM_CM3\\port.c 0x00000000   Number         0  port.o ABSOLUTE
    dc.s                                     0x00000000   Number         0  dc.o ABSOLUTE
    RESET                                    0x08000000   Section      304  startup_stm32f10x_hd.o(RESET)
    !!!main                                  0x08000130   Section        8  __main.o(!!!main)
    !!!scatter                               0x08000138   Section       52  __scatter.o(!!!scatter)
    !!handler_copy                           0x0800016c   Section       26  __scatter_copy.o(!!handler_copy)
    !!handler_zi                             0x08000188   Section       28  __scatter_zi.o(!!handler_zi)
    .ARM.Collect$$_printf_percent$$00000000  0x080001a4   Section        0  _printf_percent.o(.ARM.Collect$$_printf_percent$$00000000)
    .ARM.Collect$$_printf_percent$$00000017  0x080001a4   Section        4  _printf_percent_end.o(.ARM.Collect$$_printf_percent$$00000017)
    .ARM.Collect$$libinit$$00000000          0x080001a8   Section        2  libinit.o(.ARM.Collect$$libinit$$00000000)
    .ARM.Collect$$libinit$$00000002          0x080001aa   Section        0  libinit2.o(.ARM.Collect$$libinit$$00000002)
    .ARM.Collect$$libinit$$00000004          0x080001aa   Section        0  libinit2.o(.ARM.Collect$$libinit$$00000004)
    .ARM.Collect$$libinit$$0000000A          0x080001aa   Section        0  libinit2.o(.ARM.Collect$$libinit$$0000000A)
    .ARM.Collect$$libinit$$0000000C          0x080001aa   Section        0  libinit2.o(.ARM.Collect$$libinit$$0000000C)
    .ARM.Collect$$libinit$$0000000E          0x080001aa   Section        0  libinit2.o(.ARM.Collect$$libinit$$0000000E)
    .ARM.Collect$$libinit$$00000011          0x080001aa   Section        0  libinit2.o(.ARM.Collect$$libinit$$00000011)
    .ARM.Collect$$libinit$$00000013          0x080001aa   Section        0  libinit2.o(.ARM.Collect$$libinit$$00000013)
    .ARM.Collect$$libinit$$00000015          0x080001aa   Section        0  libinit2.o(.ARM.Collect$$libinit$$00000015)
    .ARM.Collect$$libinit$$00000017          0x080001aa   Section        0  libinit2.o(.ARM.Collect$$libinit$$00000017)
    .ARM.Collect$$libinit$$00000019          0x080001aa   Section        0  libinit2.o(.ARM.Collect$$libinit$$00000019)
    .ARM.Collect$$libinit$$0000001B          0x080001aa   Section        0  libinit2.o(.ARM.Collect$$libinit$$0000001B)
    .ARM.Collect$$libinit$$0000001D          0x080001aa   Section        0  libinit2.o(.ARM.Collect$$libinit$$0000001D)
    .ARM.Collect$$libinit$$0000001F          0x080001aa   Section        0  libinit2.o(.ARM.Collect$$libinit$$0000001F)
    .ARM.Collect$$libinit$$00000021          0x080001aa   Section        0  libinit2.o(.ARM.Collect$$libinit$$00000021)
    .ARM.Collect$$libinit$$00000023          0x080001aa   Section        0  libinit2.o(.ARM.Collect$$libinit$$00000023)
    .ARM.Collect$$libinit$$00000025          0x080001aa   Section        0  libinit2.o(.ARM.Collect$$libinit$$00000025)
    .ARM.Collect$$libinit$$0000002C          0x080001aa   Section        0  libinit2.o(.ARM.Collect$$libinit$$0000002C)
    .ARM.Collect$$libinit$$0000002E          0x080001aa   Section        0  libinit2.o(.ARM.Collect$$libinit$$0000002E)
    .ARM.Collect$$libinit$$00000030          0x080001aa   Section        0  libinit2.o(.ARM.Collect$$libinit$$00000030)
    .ARM.Collect$$libinit$$00000032          0x080001aa   Section        0  libinit2.o(.ARM.Collect$$libinit$$00000032)
    .ARM.Collect$$libinit$$00000033          0x080001aa   Section        2  libinit2.o(.ARM.Collect$$libinit$$00000033)
    .ARM.Collect$$libshutdown$$00000000      0x080001ac   Section        2  libshutdown.o(.ARM.Collect$$libshutdown$$00000000)
    .ARM.Collect$$libshutdown$$00000002      0x080001ae   Section        0  libshutdown2.o(.ARM.Collect$$libshutdown$$00000002)
    .ARM.Collect$$libshutdown$$00000004      0x080001ae   Section        0  libshutdown2.o(.ARM.Collect$$libshutdown$$00000004)
    .ARM.Collect$$libshutdown$$00000006      0x080001ae   Section        0  libshutdown2.o(.ARM.Collect$$libshutdown$$00000006)
    .ARM.Collect$$libshutdown$$00000009      0x080001ae   Section        0  libshutdown2.o(.ARM.Collect$$libshutdown$$00000009)
    .ARM.Collect$$libshutdown$$0000000C      0x080001ae   Section        0  libshutdown2.o(.ARM.Collect$$libshutdown$$0000000C)
    .ARM.Collect$$libshutdown$$0000000E      0x080001ae   Section        0  libshutdown2.o(.ARM.Collect$$libshutdown$$0000000E)
    .ARM.Collect$$libshutdown$$00000011      0x080001ae   Section        0  libshutdown2.o(.ARM.Collect$$libshutdown$$00000011)
    .ARM.Collect$$libshutdown$$00000012      0x080001ae   Section        2  libshutdown2.o(.ARM.Collect$$libshutdown$$00000012)
    .ARM.Collect$$rtentry$$00000000          0x080001b0   Section        0  __rtentry.o(.ARM.Collect$$rtentry$$00000000)
    .ARM.Collect$$rtentry$$00000002          0x080001b0   Section        0  __rtentry2.o(.ARM.Collect$$rtentry$$00000002)
    .ARM.Collect$$rtentry$$00000004          0x080001b0   Section        6  __rtentry4.o(.ARM.Collect$$rtentry$$00000004)
    .ARM.Collect$$rtentry$$00000009          0x080001b6   Section        0  __rtentry2.o(.ARM.Collect$$rtentry$$00000009)
    .ARM.Collect$$rtentry$$0000000A          0x080001b6   Section        4  __rtentry2.o(.ARM.Collect$$rtentry$$0000000A)
    .ARM.Collect$$rtentry$$0000000C          0x080001ba   Section        0  __rtentry2.o(.ARM.Collect$$rtentry$$0000000C)
    .ARM.Collect$$rtentry$$0000000D          0x080001ba   Section        8  __rtentry2.o(.ARM.Collect$$rtentry$$0000000D)
    .ARM.Collect$$rtexit$$00000000           0x080001c2   Section        2  rtexit.o(.ARM.Collect$$rtexit$$00000000)
    .ARM.Collect$$rtexit$$00000002           0x080001c4   Section        0  rtexit2.o(.ARM.Collect$$rtexit$$00000002)
    .ARM.Collect$$rtexit$$00000003           0x080001c4   Section        4  rtexit2.o(.ARM.Collect$$rtexit$$00000003)
    .ARM.Collect$$rtexit$$00000004           0x080001c8   Section        6  rtexit2.o(.ARM.Collect$$rtexit$$00000004)
    .emb_text                                0x080001d0   Section      150  port.o(.emb_text)
    .text                                    0x08000268   Section       64  startup_stm32f10x_hd.o(.text)
    .text                                    0x080002a8   Section        2  use_no_semi_2.o(.text)
    .text                                    0x080002ac   Section        0  __2printf.o(.text)
    .text                                    0x080002c4   Section       78  rt_memclr_w.o(.text)
    .text                                    0x08000312   Section        0  heapauxi.o(.text)
    .text                                    0x08000318   Section        2  use_no_semi.o(.text)
    .text                                    0x0800031c   Section        0  _printf_char_common.o(.text)
    _printf_input_char                       0x0800031d   Thumb Code    10  _printf_char_common.o(.text)
    .text                                    0x0800034c   Section        0  _printf_char_file.o(.text)
    .text                                    0x08000370   Section        0  __printf_flags_ss_wp.o(.text)
    .text                                    0x080004f8   Section        0  ferror.o(.text)
    .text                                    0x08000500   Section       74  sys_stackheap_outer.o(.text)
    .text                                    0x0800054a   Section        0  exit.o(.text)
    .text                                    0x0800055c   Section        8  libspace.o(.text)
    i.BusFault_Handler                       0x08000564   Section        0  stm32f10x_it.o(i.BusFault_Handler)
    i.DebugMon_Handler                       0x08000568   Section        0  stm32f10x_it.o(i.DebugMon_Handler)
    i.GPIO_Init                              0x0800056a   Section        0  stm32f10x_gpio.o(i.GPIO_Init)
    i.GPIO_ReadInputDataBit                  0x08000680   Section        0  stm32f10x_gpio.o(i.GPIO_ReadInputDataBit)
    i.GPIO_ReadOutputDataBit                 0x08000692   Section        0  stm32f10x_gpio.o(i.GPIO_ReadOutputDataBit)
    i.GPIO_WriteBit                          0x080006a4   Section        0  stm32f10x_gpio.o(i.GPIO_WriteBit)
    i.HardFault_Handler                      0x080006ae   Section        0  stm32f10x_it.o(i.HardFault_Handler)
    i.MemManage_Handler                      0x080006b2   Section        0  stm32f10x_it.o(i.MemManage_Handler)
    i.NMI_Handler                            0x080006b6   Section        0  stm32f10x_it.o(i.NMI_Handler)
    i.NVIC_Init                              0x080006b8   Section        0  misc.o(i.NVIC_Init)
    i.NVIC_PriorityGroupConfig               0x08000728   Section        0  misc.o(i.NVIC_PriorityGroupConfig)
    i.RCC_APB1PeriphClockCmd                 0x0800073c   Section        0  stm32f10x_rcc.o(i.RCC_APB1PeriphClockCmd)
    i.RCC_APB2PeriphClockCmd                 0x0800075c   Section        0  stm32f10x_rcc.o(i.RCC_APB2PeriphClockCmd)
    i.RCC_GetClocksFreq                      0x0800077c   Section        0  stm32f10x_rcc.o(i.RCC_GetClocksFreq)
    i.SetSysClock                            0x08000850   Section        0  system_stm32f10x.o(i.SetSysClock)
    SetSysClock                              0x08000851   Thumb Code     8  system_stm32f10x.o(i.SetSysClock)
    i.SetSysClockTo72                        0x08000858   Section        0  system_stm32f10x.o(i.SetSysClockTo72)
    SetSysClockTo72                          0x08000859   Thumb Code   214  system_stm32f10x.o(i.SetSysClockTo72)
    i.SysTick_CLKSourceConfig                0x08000938   Section        0  misc.o(i.SysTick_CLKSourceConfig)
    i.SysTick_Handler                        0x08000960   Section        0  port.o(i.SysTick_Handler)
    i.SystemInit                             0x08000994   Section        0  system_stm32f10x.o(i.SystemInit)
    i.TIM6_IRQHandler                        0x080009f4   Section        0  main.o(i.TIM6_IRQHandler)
    i.TIM_ClearFlag                          0x08000a3c   Section        0  stm32f10x_tim.o(i.TIM_ClearFlag)
    i.TIM_ClearITPendingBit                  0x08000a42   Section        0  stm32f10x_tim.o(i.TIM_ClearITPendingBit)
    i.TIM_Cmd                                0x08000a48   Section        0  stm32f10x_tim.o(i.TIM_Cmd)
    i.TIM_GetITStatus                        0x08000a60   Section        0  stm32f10x_tim.o(i.TIM_GetITStatus)
    i.TIM_ITConfig                           0x08000a82   Section        0  stm32f10x_tim.o(i.TIM_ITConfig)
    i.TIM_InternalClockConfig                0x08000a94   Section        0  stm32f10x_tim.o(i.TIM_InternalClockConfig)
    i.TIM_TimeBaseInit                       0x08000aa0   Section        0  stm32f10x_tim.o(i.TIM_TimeBaseInit)
    i.USART1_IRQHandler                      0x08000b44   Section        0  uart.o(i.USART1_IRQHandler)
    i.USART_ClearFlag                        0x08000bfc   Section        0  stm32f10x_usart.o(i.USART_ClearFlag)
    i.USART_ClearITPendingBit                0x08000c0e   Section        0  stm32f10x_usart.o(i.USART_ClearITPendingBit)
    i.USART_Cmd                              0x08000c2c   Section        0  stm32f10x_usart.o(i.USART_Cmd)
    i.USART_GetFlagStatus                    0x08000c44   Section        0  stm32f10x_usart.o(i.USART_GetFlagStatus)
    i.USART_ITConfig                         0x08000c5e   Section        0  stm32f10x_usart.o(i.USART_ITConfig)
    i.USART_Init                             0x08000ca8   Section        0  stm32f10x_usart.o(i.USART_Init)
    i.USART_ReceiveData                      0x08000d80   Section        0  stm32f10x_usart.o(i.USART_ReceiveData)
    i.UsageFault_Handler                     0x08000d8a   Section        0  stm32f10x_it.o(i.UsageFault_Handler)
    i._is_digit                              0x08000d8e   Section        0  __printf_wp.o(i._is_digit)
    i._sys_exit                              0x08000d9c   Section        0  uart.o(i._sys_exit)
    i.delay_init                             0x08000da0   Section        0  delay.o(i.delay_init)
    i.delay_ms                               0x08000de4   Section        0  delay.o(i.delay_ms)
    i.delay_us                               0x08000dfc   Section        0  delay.o(i.delay_us)
    i.fputc                                  0x08000e44   Section        0  uart.o(i.fputc)
    i.key_init                               0x08000e60   Section        0  key.o(i.key_init)
    i.key_scan                               0x08000ee0   Section        0  key.o(i.key_scan)
    i.led_init                               0x08000f84   Section        0  led.o(i.led_init)
    i.main                                   0x08000fec   Section        0  main.o(i.main)
    i.oled_clear                             0x08001038   Section        0  oled.o(i.oled_clear)
    i.oled_gpio_init                         0x08001064   Section        0  oled.o(i.oled_gpio_init)
    oled_gpio_init                           0x08001065   Thumb Code   108  oled.o(i.oled_gpio_init)
    i.oled_iic_delay                         0x080010d4   Section        0  oled.o(i.oled_iic_delay)
    oled_iic_delay                           0x080010d5   Thumb Code    10  oled.o(i.oled_iic_delay)
    i.oled_iic_send_byte                     0x080010e0   Section        0  oled.o(i.oled_iic_send_byte)
    oled_iic_send_byte                       0x080010e1   Thumb Code   122  oled.o(i.oled_iic_send_byte)
    i.oled_iic_start                         0x08001160   Section        0  oled.o(i.oled_iic_start)
    oled_iic_start                           0x08001161   Thumb Code    76  oled.o(i.oled_iic_start)
    i.oled_iic_stop                          0x080011b0   Section        0  oled.o(i.oled_iic_stop)
    oled_iic_stop                            0x080011b1   Thumb Code    60  oled.o(i.oled_iic_stop)
    i.oled_init                              0x080011f0   Section        0  oled.o(i.oled_init)
    i.oled_set_pos                           0x08001286   Section        0  oled.o(i.oled_set_pos)
    oled_set_pos                             0x08001287   Thumb Code    34  oled.o(i.oled_set_pos)
    i.oled_show_char                         0x080012a8   Section        0  oled.o(i.oled_show_char)
    i.oled_show_string                       0x0800131c   Section        0  oled.o(i.oled_show_string)
    i.oled_write_command                     0x08001344   Section        0  oled.o(i.oled_write_command)
    oled_write_command                       0x08001345   Thumb Code    32  oled.o(i.oled_write_command)
    i.oled_write_data                        0x08001364   Section        0  oled.o(i.oled_write_data)
    oled_write_data                          0x08001365   Thumb Code    32  oled.o(i.oled_write_data)
    i.os_run                                 0x08001384   Section        0  freertos_run.o(i.os_run)
    i.prvAddCurrentTaskToDelayedList         0x080013b4   Section        0  tasks.o(i.prvAddCurrentTaskToDelayedList)
    prvAddCurrentTaskToDelayedList           0x080013b5   Thumb Code   164  tasks.o(i.prvAddCurrentTaskToDelayedList)
    i.prvAddNewTaskToReadyList               0x08001474   Section        0  tasks.o(i.prvAddNewTaskToReadyList)
    prvAddNewTaskToReadyList                 0x08001475   Thumb Code   200  tasks.o(i.prvAddNewTaskToReadyList)
    i.prvCheckTasksWaitingTermination        0x08001558   Section        0  tasks.o(i.prvCheckTasksWaitingTermination)
    prvCheckTasksWaitingTermination          0x08001559   Thumb Code    60  tasks.o(i.prvCheckTasksWaitingTermination)
    i.prvDeleteTCB                           0x080015a0   Section        0  tasks.o(i.prvDeleteTCB)
    prvDeleteTCB                             0x080015a1   Thumb Code    18  tasks.o(i.prvDeleteTCB)
    i.prvHeapInit                            0x080015b4   Section        0  heap_4.o(i.prvHeapInit)
    prvHeapInit                              0x080015b5   Thumb Code    90  heap_4.o(i.prvHeapInit)
    i.prvIdleTask                            0x08001624   Section        0  tasks.o(i.prvIdleTask)
    prvIdleTask                              0x08001625   Thumb Code    32  tasks.o(i.prvIdleTask)
    i.prvInitialiseNewTask                   0x0800164c   Section        0  tasks.o(i.prvInitialiseNewTask)
    prvInitialiseNewTask                     0x0800164d   Thumb Code   122  tasks.o(i.prvInitialiseNewTask)
    i.prvInitialiseTaskLists                 0x080016c8   Section        0  tasks.o(i.prvInitialiseTaskLists)
    prvInitialiseTaskLists                   0x080016c9   Thumb Code    70  tasks.o(i.prvInitialiseTaskLists)
    i.prvInsertBlockIntoFreeList             0x08001730   Section        0  heap_4.o(i.prvInsertBlockIntoFreeList)
    prvInsertBlockIntoFreeList               0x08001731   Thumb Code    96  heap_4.o(i.prvInsertBlockIntoFreeList)
    i.prvResetNextTaskUnblockTime            0x08001798   Section        0  tasks.o(i.prvResetNextTaskUnblockTime)
    prvResetNextTaskUnblockTime              0x08001799   Thumb Code    40  tasks.o(i.prvResetNextTaskUnblockTime)
    i.prvTaskExitError                       0x080017c8   Section        0  port.o(i.prvTaskExitError)
    prvTaskExitError                         0x080017c9   Thumb Code    22  port.o(i.prvTaskExitError)
    i.prvTaskIsTaskSuspended                 0x080017e0   Section        0  tasks.o(i.prvTaskIsTaskSuspended)
    prvTaskIsTaskSuspended                   0x080017e1   Thumb Code    56  tasks.o(i.prvTaskIsTaskSuspended)
    i.pvPortMalloc                           0x08001820   Section        0  heap_4.o(i.pvPortMalloc)
    i.pxPortInitialiseStack                  0x08001904   Section        0  port.o(i.pxPortInitialiseStack)
    i.start_task                             0x08001928   Section        0  freertos_run.o(i.start_task)
    i.task1                                  0x080019b0   Section        0  freertos_run.o(i.task1)
    i.task2                                  0x08001a0c   Section        0  freertos_run.o(i.task2)
    i.task3                                  0x08001a64   Section        0  freertos_run.o(i.task3)
    i.tim_timx_int_init                      0x08001ad8   Section        0  gtim.o(i.tim_timx_int_init)
    tim_timx_int_init                        0x08001ad9   Thumb Code   106  gtim.o(i.tim_timx_int_init)
    i.timx_init                              0x08001b44   Section        0  gtim.o(i.timx_init)
    i.timx_run                               0x08001b74   Section        0  gtim.o(i.timx_run)
    i.uart_gpio_init                         0x08001b84   Section        0  uart.o(i.uart_gpio_init)
    uart_gpio_init                           0x08001b85   Thumb Code    78  uart.o(i.uart_gpio_init)
    i.uart_init                              0x08001bd8   Section        0  uart.o(i.uart_init)
    i.uxListRemove                           0x08001c58   Section        0  list.o(i.uxListRemove)
    i.vListInitialise                        0x08001c80   Section        0  list.o(i.vListInitialise)
    i.vListInitialiseItem                    0x08001c9a   Section        0  list.o(i.vListInitialiseItem)
    i.vListInsert                            0x08001ca0   Section        0  list.o(i.vListInsert)
    i.vListInsertEnd                         0x08001cd4   Section        0  list.o(i.vListInsertEnd)
    i.vPortEnterCritical                     0x08001cec   Section        0  port.o(i.vPortEnterCritical)
    i.vPortExitCritical                      0x08001d10   Section        0  port.o(i.vPortExitCritical)
    i.vPortFree                              0x08001d30   Section        0  heap_4.o(i.vPortFree)
    i.vPortSetupTimerInterrupt               0x08001d7c   Section        0  port.o(i.vPortSetupTimerInterrupt)
    i.vTaskDelay                             0x08001da4   Section        0  tasks.o(i.vTaskDelay)
    i.vTaskDelete                            0x08001dd8   Section        0  tasks.o(i.vTaskDelete)
    i.vTaskResume                            0x08001eac   Section        0  tasks.o(i.vTaskResume)
    i.vTaskStartScheduler                    0x08001f58   Section        0  tasks.o(i.vTaskStartScheduler)
    i.vTaskSuspend                           0x08001fc4   Section        0  tasks.o(i.vTaskSuspend)
    i.vTaskSuspendAll                        0x0800209c   Section        0  tasks.o(i.vTaskSuspendAll)
    i.vTaskSwitchContext                     0x080020ac   Section        0  tasks.o(i.vTaskSwitchContext)
    i.xPortStartScheduler                    0x0800210c   Section        0  port.o(i.xPortStartScheduler)
    i.xTaskCreate                            0x08002140   Section        0  tasks.o(i.xTaskCreate)
    i.xTaskIncrementTick                     0x080021a8   Section        0  tasks.o(i.xTaskIncrementTick)
    i.xTaskResumeAll                         0x08002338   Section        0  tasks.o(i.xTaskResumeAll)
    .constdata                               0x08002494   Section     1520  oled.o(.constdata)
    .constdata                               0x08002a84   Section       17  __printf_flags_ss_wp.o(.constdata)
    maptable                                 0x08002a84   Data          17  __printf_flags_ss_wp.o(.constdata)
    .data                                    0x20000000   Section       12  uart.o(.data)
    RxState                                  0x2000000a   Data           1  uart.o(.data)
    pRxPacket                                0x2000000b   Data           1  uart.o(.data)
    .data                                    0x2000000c   Section        2  delay.o(.data)
    g_fac_us                                 0x2000000c   Data           2  delay.o(.data)
    .data                                    0x2000000e   Section       20  stm32f10x_rcc.o(.data)
    APBAHBPrescTable                         0x2000000e   Data          16  stm32f10x_rcc.o(.data)
    ADCPrescTable                            0x2000001e   Data           4  stm32f10x_rcc.o(.data)
    .data                                    0x20000022   Section        4  main.o(.data)
    tim_count                                0x20000022   Data           2  main.o(.data)
    led_count                                0x20000024   Data           2  main.o(.data)
    .data                                    0x20000028   Section       16  freertos_run.o(.data)
    .data                                    0x20000038   Section       20  system_stm32f10x.o(.data)
    .data                                    0x2000004c   Section        1  key.o(.data)
    key_up                                   0x2000004c   Data           1  key.o(.data)
    .data                                    0x20000050   Section       64  tasks.o(.data)
    pxDelayedTaskList                        0x20000054   Data           4  tasks.o(.data)
    pxOverflowDelayedTaskList                0x20000058   Data           4  tasks.o(.data)
    uxDeletedTasksWaitingCleanUp             0x2000005c   Data           4  tasks.o(.data)
    uxCurrentNumberOfTasks                   0x20000060   Data           4  tasks.o(.data)
    xTickCount                               0x20000064   Data           4  tasks.o(.data)
    uxTopReadyPriority                       0x20000068   Data           4  tasks.o(.data)
    xSchedulerRunning                        0x2000006c   Data           4  tasks.o(.data)
    xPendedTicks                             0x20000070   Data           4  tasks.o(.data)
    xYieldPending                            0x20000074   Data           4  tasks.o(.data)
    xNumOfOverflows                          0x20000078   Data           4  tasks.o(.data)
    uxTaskNumber                             0x2000007c   Data           4  tasks.o(.data)
    xNextTaskUnblockTime                     0x20000080   Data           4  tasks.o(.data)
    xIdleTaskHandle                          0x20000084   Data           4  tasks.o(.data)
    uxSchedulerSuspended                     0x2000008c   Data           4  tasks.o(.data)
    .data                                    0x20000090   Section       28  heap_4.o(.data)
    xStart                                   0x20000090   Data           8  heap_4.o(.data)
    pxEnd                                    0x20000098   Data           4  heap_4.o(.data)
    xFreeBytesRemaining                      0x2000009c   Data           4  heap_4.o(.data)
    xMinimumEverFreeBytesRemaining           0x200000a0   Data           4  heap_4.o(.data)
    xNumberOfSuccessfulAllocations           0x200000a4   Data           4  heap_4.o(.data)
    xNumberOfSuccessfulFrees                 0x200000a8   Data           4  heap_4.o(.data)
    .data                                    0x200000ac   Section        4  port.o(.data)
    uxCriticalNesting                        0x200000ac   Data           4  port.o(.data)
    .bss                                     0x200000b0   Section      740  tasks.o(.bss)
    pxReadyTasksLists                        0x200000b0   Data         640  tasks.o(.bss)
    xDelayedTaskList1                        0x20000330   Data          20  tasks.o(.bss)
    xDelayedTaskList2                        0x20000344   Data          20  tasks.o(.bss)
    xPendingReadyList                        0x20000358   Data          20  tasks.o(.bss)
    xTasksWaitingTermination                 0x2000036c   Data          20  tasks.o(.bss)
    xSuspendedTaskList                       0x20000380   Data          20  tasks.o(.bss)
    .bss                                     0x20000394   Section    10240  heap_4.o(.bss)
    ucHeap                                   0x20000394   Data       10240  heap_4.o(.bss)
    .bss                                     0x20002b94   Section       96  libspace.o(.bss)
    HEAP                                     0x20002bf8   Section      512  startup_stm32f10x_hd.o(HEAP)
    Heap_Mem                                 0x20002bf8   Data         512  startup_stm32f10x_hd.o(HEAP)
    STACK                                    0x20002df8   Section     1024  startup_stm32f10x_hd.o(STACK)
    Stack_Mem                                0x20002df8   Data        1024  startup_stm32f10x_hd.o(STACK)
    __initial_sp                             0x200031f8   Data           0  startup_stm32f10x_hd.o(STACK)

    Global Symbols

    Symbol Name                              Value     Ov Type        Size  Object(Section)

    BuildAttributes$$THM_ISAv4$P$D$K$B$S$PE$A:L22UL41UL21$X:L11$S22US41US21$IEEE1$IW$USESV6$~STKCKD$USESV7$~SHL$OTIME$ROPI$IEEEJ$EBA8$UX$STANDARDLIB$REQ8$PRES8$EABIv2 0x00000000   Number         0  anon$$obj.o ABSOLUTE
    __ARM_use_no_argv                        0x00000000   Number         0  main.o ABSOLUTE
    _printf_flags                            0x00000000   Number         0  printf_stubs.o ABSOLUTE
    _printf_return_value                     0x00000000   Number         0  printf_stubs.o ABSOLUTE
    _printf_sizespec                         0x00000000   Number         0  printf_stubs.o ABSOLUTE
    _printf_widthprec                        0x00000000   Number         0  printf_stubs.o ABSOLUTE
    __ARM_exceptions_init                     - Undefined Weak Reference
    __alloca_initialize                       - Undefined Weak Reference
    __arm_fini_                               - Undefined Weak Reference
    __arm_preinit_                            - Undefined Weak Reference
    __cpp_initialize__aeabi_                  - Undefined Weak Reference
    __cxa_finalize                            - Undefined Weak Reference
    __sigvec_lookup                           - Undefined Weak Reference
    _atexit_init                              - Undefined Weak Reference
    _call_atexit_fns                          - Undefined Weak Reference
    _clock_init                               - Undefined Weak Reference
    _fp_trap_init                             - Undefined Weak Reference
    _fp_trap_shutdown                         - Undefined Weak Reference
    _get_lc_collate                           - Undefined Weak Reference
    _get_lc_monetary                          - Undefined Weak Reference
    _get_lc_time                              - Undefined Weak Reference
    _getenv_init                              - Undefined Weak Reference
    _handle_redirection                       - Undefined Weak Reference
    _init_alloc                               - Undefined Weak Reference
    _init_user_alloc                          - Undefined Weak Reference
    _initio                                   - Undefined Weak Reference
    _mutex_acquire                            - Undefined Weak Reference
    _mutex_release                            - Undefined Weak Reference
    _printf_mbtowc                            - Undefined Weak Reference
    _printf_wc                                - Undefined Weak Reference
    _rand_init                                - Undefined Weak Reference
    _signal_finish                            - Undefined Weak Reference
    _signal_init                              - Undefined Weak Reference
    _terminate_alloc                          - Undefined Weak Reference
    _terminate_user_alloc                     - Undefined Weak Reference
    _terminateio                              - Undefined Weak Reference
    __Vectors_Size                           0x00000130   Number         0  startup_stm32f10x_hd.o ABSOLUTE
    __Vectors                                0x08000000   Data           4  startup_stm32f10x_hd.o(RESET)
    __Vectors_End                            0x08000130   Data           0  startup_stm32f10x_hd.o(RESET)
    __main                                   0x08000131   Thumb Code     8  __main.o(!!!main)
    __scatterload                            0x08000139   Thumb Code     0  __scatter.o(!!!scatter)
    __scatterload_rt2                        0x08000139   Thumb Code    44  __scatter.o(!!!scatter)
    __scatterload_rt2_thumb_only             0x08000139   Thumb Code     0  __scatter.o(!!!scatter)
    __scatterload_null                       0x08000147   Thumb Code     0  __scatter.o(!!!scatter)
    __scatterload_copy                       0x0800016d   Thumb Code    26  __scatter_copy.o(!!handler_copy)
    __scatterload_zeroinit                   0x08000189   Thumb Code    28  __scatter_zi.o(!!handler_zi)
    _printf_percent                          0x080001a5   Thumb Code     0  _printf_percent.o(.ARM.Collect$$_printf_percent$$00000000)
    _printf_percent_end                      0x080001a5   Thumb Code     0  _printf_percent_end.o(.ARM.Collect$$_printf_percent$$00000017)
    __rt_lib_init                            0x080001a9   Thumb Code     0  libinit.o(.ARM.Collect$$libinit$$00000000)
    __rt_lib_init_alloca_1                   0x080001ab   Thumb Code     0  libinit2.o(.ARM.Collect$$libinit$$0000002E)
    __rt_lib_init_argv_1                     0x080001ab   Thumb Code     0  libinit2.o(.ARM.Collect$$libinit$$0000002C)
    __rt_lib_init_atexit_1                   0x080001ab   Thumb Code     0  libinit2.o(.ARM.Collect$$libinit$$0000001B)
    __rt_lib_init_clock_1                    0x080001ab   Thumb Code     0  libinit2.o(.ARM.Collect$$libinit$$00000021)
    __rt_lib_init_cpp_1                      0x080001ab   Thumb Code     0  libinit2.o(.ARM.Collect$$libinit$$00000032)
    __rt_lib_init_exceptions_1               0x080001ab   Thumb Code     0  libinit2.o(.ARM.Collect$$libinit$$00000030)
    __rt_lib_init_fp_1                       0x080001ab   Thumb Code     0  libinit2.o(.ARM.Collect$$libinit$$00000002)
    __rt_lib_init_fp_trap_1                  0x080001ab   Thumb Code     0  libinit2.o(.ARM.Collect$$libinit$$0000001F)
    __rt_lib_init_getenv_1                   0x080001ab   Thumb Code     0  libinit2.o(.ARM.Collect$$libinit$$00000023)
    __rt_lib_init_heap_1                     0x080001ab   Thumb Code     0  libinit2.o(.ARM.Collect$$libinit$$0000000A)
    __rt_lib_init_lc_collate_1               0x080001ab   Thumb Code     0  libinit2.o(.ARM.Collect$$libinit$$00000011)
    __rt_lib_init_lc_ctype_1                 0x080001ab   Thumb Code     0  libinit2.o(.ARM.Collect$$libinit$$00000013)
    __rt_lib_init_lc_monetary_1              0x080001ab   Thumb Code     0  libinit2.o(.ARM.Collect$$libinit$$00000015)
    __rt_lib_init_lc_numeric_1               0x080001ab   Thumb Code     0  libinit2.o(.ARM.Collect$$libinit$$00000017)
    __rt_lib_init_lc_time_1                  0x080001ab   Thumb Code     0  libinit2.o(.ARM.Collect$$libinit$$00000019)
    __rt_lib_init_preinit_1                  0x080001ab   Thumb Code     0  libinit2.o(.ARM.Collect$$libinit$$00000004)
    __rt_lib_init_rand_1                     0x080001ab   Thumb Code     0  libinit2.o(.ARM.Collect$$libinit$$0000000E)
    __rt_lib_init_return                     0x080001ab   Thumb Code     0  libinit2.o(.ARM.Collect$$libinit$$00000033)
    __rt_lib_init_signal_1                   0x080001ab   Thumb Code     0  libinit2.o(.ARM.Collect$$libinit$$0000001D)
    __rt_lib_init_stdio_1                    0x080001ab   Thumb Code     0  libinit2.o(.ARM.Collect$$libinit$$00000025)
    __rt_lib_init_user_alloc_1               0x080001ab   Thumb Code     0  libinit2.o(.ARM.Collect$$libinit$$0000000C)
    __rt_lib_shutdown                        0x080001ad   Thumb Code     0  libshutdown.o(.ARM.Collect$$libshutdown$$00000000)
    __rt_lib_shutdown_cpp_1                  0x080001af   Thumb Code     0  libshutdown2.o(.ARM.Collect$$libshutdown$$00000004)
    __rt_lib_shutdown_fini_1                 0x080001af   Thumb Code     0  libshutdown2.o(.ARM.Collect$$libshutdown$$00000002)
    __rt_lib_shutdown_fp_trap_1              0x080001af   Thumb Code     0  libshutdown2.o(.ARM.Collect$$libshutdown$$00000009)
    __rt_lib_shutdown_heap_1                 0x080001af   Thumb Code     0  libshutdown2.o(.ARM.Collect$$libshutdown$$00000011)
    __rt_lib_shutdown_return                 0x080001af   Thumb Code     0  libshutdown2.o(.ARM.Collect$$libshutdown$$00000012)
    __rt_lib_shutdown_signal_1               0x080001af   Thumb Code     0  libshutdown2.o(.ARM.Collect$$libshutdown$$0000000C)
    __rt_lib_shutdown_stdio_1                0x080001af   Thumb Code     0  libshutdown2.o(.ARM.Collect$$libshutdown$$00000006)
    __rt_lib_shutdown_user_alloc_1           0x080001af   Thumb Code     0  libshutdown2.o(.ARM.Collect$$libshutdown$$0000000E)
    __rt_entry                               0x080001b1   Thumb Code     0  __rtentry.o(.ARM.Collect$$rtentry$$00000000)
    __rt_entry_presh_1                       0x080001b1   Thumb Code     0  __rtentry2.o(.ARM.Collect$$rtentry$$00000002)
    __rt_entry_sh                            0x080001b1   Thumb Code     0  __rtentry4.o(.ARM.Collect$$rtentry$$00000004)
    __rt_entry_li                            0x080001b7   Thumb Code     0  __rtentry2.o(.ARM.Collect$$rtentry$$0000000A)
    __rt_entry_postsh_1                      0x080001b7   Thumb Code     0  __rtentry2.o(.ARM.Collect$$rtentry$$00000009)
    __rt_entry_main                          0x080001bb   Thumb Code     0  __rtentry2.o(.ARM.Collect$$rtentry$$0000000D)
    __rt_entry_postli_1                      0x080001bb   Thumb Code     0  __rtentry2.o(.ARM.Collect$$rtentry$$0000000C)
    __rt_exit                                0x080001c3   Thumb Code     0  rtexit.o(.ARM.Collect$$rtexit$$00000000)
    __rt_exit_ls                             0x080001c5   Thumb Code     0  rtexit2.o(.ARM.Collect$$rtexit$$00000003)
    __rt_exit_prels_1                        0x080001c5   Thumb Code     0  rtexit2.o(.ARM.Collect$$rtexit$$00000002)
    __rt_exit_exit                           0x080001c9   Thumb Code     0  rtexit2.o(.ARM.Collect$$rtexit$$00000004)
    SVC_Handler                              0x080001d1   Thumb Code    32  port.o(.emb_text)
    __asm___6_port_c_39a90d8d__prvStartFirstTask 0x080001f5   Thumb Code    28  port.o(.emb_text)
    PendSV_Handler                           0x08000215   Thumb Code    72  port.o(.emb_text)
    vPortGetIPSR                             0x08000261   Thumb Code     6  port.o(.emb_text)
    Reset_Handler                            0x08000269   Thumb Code     8  startup_stm32f10x_hd.o(.text)
    ADC1_2_IRQHandler                        0x08000283   Thumb Code     0  startup_stm32f10x_hd.o(.text)
    ADC3_IRQHandler                          0x08000283   Thumb Code     0  startup_stm32f10x_hd.o(.text)
    CAN1_RX1_IRQHandler                      0x08000283   Thumb Code     0  startup_stm32f10x_hd.o(.text)
    CAN1_SCE_IRQHandler                      0x08000283   Thumb Code     0  startup_stm32f10x_hd.o(.text)
    DMA1_Channel1_IRQHandler                 0x08000283   Thumb Code     0  startup_stm32f10x_hd.o(.text)
    DMA1_Channel2_IRQHandler                 0x08000283   Thumb Code     0  startup_stm32f10x_hd.o(.text)
    DMA1_Channel3_IRQHandler                 0x08000283   Thumb Code     0  startup_stm32f10x_hd.o(.text)
    DMA1_Channel4_IRQHandler                 0x08000283   Thumb Code     0  startup_stm32f10x_hd.o(.text)
    DMA1_Channel5_IRQHandler                 0x08000283   Thumb Code     0  startup_stm32f10x_hd.o(.text)
    DMA1_Channel6_IRQHandler                 0x08000283   Thumb Code     0  startup_stm32f10x_hd.o(.text)
    DMA1_Channel7_IRQHandler                 0x08000283   Thumb Code     0  startup_stm32f10x_hd.o(.text)
    DMA2_Channel1_IRQHandler                 0x08000283   Thumb Code     0  startup_stm32f10x_hd.o(.text)
    DMA2_Channel2_IRQHandler                 0x08000283   Thumb Code     0  startup_stm32f10x_hd.o(.text)
    DMA2_Channel3_IRQHandler                 0x08000283   Thumb Code     0  startup_stm32f10x_hd.o(.text)
    DMA2_Channel4_5_IRQHandler               0x08000283   Thumb Code     0  startup_stm32f10x_hd.o(.text)
    EXTI0_IRQHandler                         0x08000283   Thumb Code     0  startup_stm32f10x_hd.o(.text)
    EXTI15_10_IRQHandler                     0x08000283   Thumb Code     0  startup_stm32f10x_hd.o(.text)
    EXTI1_IRQHandler                         0x08000283   Thumb Code     0  startup_stm32f10x_hd.o(.text)
    EXTI2_IRQHandler                         0x08000283   Thumb Code     0  startup_stm32f10x_hd.o(.text)
    EXTI3_IRQHandler                         0x08000283   Thumb Code     0  startup_stm32f10x_hd.o(.text)
    EXTI4_IRQHandler                         0x08000283   Thumb Code     0  startup_stm32f10x_hd.o(.text)
    EXTI9_5_IRQHandler                       0x08000283   Thumb Code     0  startup_stm32f10x_hd.o(.text)
    FLASH_IRQHandler                         0x08000283   Thumb Code     0  startup_stm32f10x_hd.o(.text)
    FSMC_IRQHandler                          0x08000283   Thumb Code     0  startup_stm32f10x_hd.o(.text)
    I2C1_ER_IRQHandler                       0x08000283   Thumb Code     0  startup_stm32f10x_hd.o(.text)
    I2C1_EV_IRQHandler                       0x08000283   Thumb Code     0  startup_stm32f10x_hd.o(.text)
    I2C2_ER_IRQHandler                       0x08000283   Thumb Code     0  startup_stm32f10x_hd.o(.text)
    I2C2_EV_IRQHandler                       0x08000283   Thumb Code     0  startup_stm32f10x_hd.o(.text)
    PVD_IRQHandler                           0x08000283   Thumb Code     0  startup_stm32f10x_hd.o(.text)
    RCC_IRQHandler                           0x08000283   Thumb Code     0  startup_stm32f10x_hd.o(.text)
    RTCAlarm_IRQHandler                      0x08000283   Thumb Code     0  startup_stm32f10x_hd.o(.text)
    RTC_IRQHandler                           0x08000283   Thumb Code     0  startup_stm32f10x_hd.o(.text)
    SDIO_IRQHandler                          0x08000283   Thumb Code     0  startup_stm32f10x_hd.o(.text)
    SPI1_IRQHandler                          0x08000283   Thumb Code     0  startup_stm32f10x_hd.o(.text)
    SPI2_IRQHandler                          0x08000283   Thumb Code     0  startup_stm32f10x_hd.o(.text)
    SPI3_IRQHandler                          0x08000283   Thumb Code     0  startup_stm32f10x_hd.o(.text)
    TAMPER_IRQHandler                        0x08000283   Thumb Code     0  startup_stm32f10x_hd.o(.text)
    TIM1_BRK_IRQHandler                      0x08000283   Thumb Code     0  startup_stm32f10x_hd.o(.text)
    TIM1_CC_IRQHandler                       0x08000283   Thumb Code     0  startup_stm32f10x_hd.o(.text)
    TIM1_TRG_COM_IRQHandler                  0x08000283   Thumb Code     0  startup_stm32f10x_hd.o(.text)
    TIM1_UP_IRQHandler                       0x08000283   Thumb Code     0  startup_stm32f10x_hd.o(.text)
    TIM2_IRQHandler                          0x08000283   Thumb Code     0  startup_stm32f10x_hd.o(.text)
    TIM3_IRQHandler                          0x08000283   Thumb Code     0  startup_stm32f10x_hd.o(.text)
    TIM4_IRQHandler                          0x08000283   Thumb Code     0  startup_stm32f10x_hd.o(.text)
    TIM5_IRQHandler                          0x08000283   Thumb Code     0  startup_stm32f10x_hd.o(.text)
    TIM7_IRQHandler                          0x08000283   Thumb Code     0  startup_stm32f10x_hd.o(.text)
    TIM8_BRK_IRQHandler                      0x08000283   Thumb Code     0  startup_stm32f10x_hd.o(.text)
    TIM8_CC_IRQHandler                       0x08000283   Thumb Code     0  startup_stm32f10x_hd.o(.text)
    TIM8_TRG_COM_IRQHandler                  0x08000283   Thumb Code     0  startup_stm32f10x_hd.o(.text)
    TIM8_UP_IRQHandler                       0x08000283   Thumb Code     0  startup_stm32f10x_hd.o(.text)
    UART4_IRQHandler                         0x08000283   Thumb Code     0  startup_stm32f10x_hd.o(.text)
    UART5_IRQHandler                         0x08000283   Thumb Code     0  startup_stm32f10x_hd.o(.text)
    USART2_IRQHandler                        0x08000283   Thumb Code     0  startup_stm32f10x_hd.o(.text)
    USART3_IRQHandler                        0x08000283   Thumb Code     0  startup_stm32f10x_hd.o(.text)
    USBWakeUp_IRQHandler                     0x08000283   Thumb Code     0  startup_stm32f10x_hd.o(.text)
    USB_HP_CAN1_TX_IRQHandler                0x08000283   Thumb Code     0  startup_stm32f10x_hd.o(.text)
    USB_LP_CAN1_RX0_IRQHandler               0x08000283   Thumb Code     0  startup_stm32f10x_hd.o(.text)
    WWDG_IRQHandler                          0x08000283   Thumb Code     0  startup_stm32f10x_hd.o(.text)
    __user_initial_stackheap                 0x08000285   Thumb Code     0  startup_stm32f10x_hd.o(.text)
    __use_no_semihosting                     0x080002a9   Thumb Code     2  use_no_semi_2.o(.text)
    __2printf                                0x080002ad   Thumb Code    20  __2printf.o(.text)
    __aeabi_memclr4                          0x080002c5   Thumb Code     0  rt_memclr_w.o(.text)
    __aeabi_memclr8                          0x080002c5   Thumb Code     0  rt_memclr_w.o(.text)
    __rt_memclr_w                            0x080002c5   Thumb Code    78  rt_memclr_w.o(.text)
    _memset_w                                0x080002c9   Thumb Code     0  rt_memclr_w.o(.text)
    __use_two_region_memory                  0x08000313   Thumb Code     2  heapauxi.o(.text)
    __rt_heap_escrow$2region                 0x08000315   Thumb Code     2  heapauxi.o(.text)
    __rt_heap_expand$2region                 0x08000317   Thumb Code     2  heapauxi.o(.text)
    __I$use$semihosting                      0x08000319   Thumb Code     0  use_no_semi.o(.text)
    __use_no_semihosting_swi                 0x08000319   Thumb Code     2  use_no_semi.o(.text)
    _printf_char_common                      0x08000327   Thumb Code    32  _printf_char_common.o(.text)
    _printf_char_file                        0x0800034d   Thumb Code    32  _printf_char_file.o(.text)
    __printf                                 0x08000371   Thumb Code   388  __printf_flags_ss_wp.o(.text)
    ferror                                   0x080004f9   Thumb Code     8  ferror.o(.text)
    __user_setup_stackheap                   0x08000501   Thumb Code    74  sys_stackheap_outer.o(.text)
    exit                                     0x0800054b   Thumb Code    18  exit.o(.text)
    __user_libspace                          0x0800055d   Thumb Code     8  libspace.o(.text)
    __user_perproc_libspace                  0x0800055d   Thumb Code     0  libspace.o(.text)
    __user_perthread_libspace                0x0800055d   Thumb Code     0  libspace.o(.text)
    BusFault_Handler                         0x08000565   Thumb Code     4  stm32f10x_it.o(i.BusFault_Handler)
    DebugMon_Handler                         0x08000569   Thumb Code     2  stm32f10x_it.o(i.DebugMon_Handler)
    GPIO_Init                                0x0800056b   Thumb Code   278  stm32f10x_gpio.o(i.GPIO_Init)
    GPIO_ReadInputDataBit                    0x08000681   Thumb Code    18  stm32f10x_gpio.o(i.GPIO_ReadInputDataBit)
    GPIO_ReadOutputDataBit                   0x08000693   Thumb Code    18  stm32f10x_gpio.o(i.GPIO_ReadOutputDataBit)
    GPIO_WriteBit                            0x080006a5   Thumb Code    10  stm32f10x_gpio.o(i.GPIO_WriteBit)
    HardFault_Handler                        0x080006af   Thumb Code     4  stm32f10x_it.o(i.HardFault_Handler)
    MemManage_Handler                        0x080006b3   Thumb Code     4  stm32f10x_it.o(i.MemManage_Handler)
    NMI_Handler                              0x080006b7   Thumb Code     2  stm32f10x_it.o(i.NMI_Handler)
    NVIC_Init                                0x080006b9   Thumb Code   100  misc.o(i.NVIC_Init)
    NVIC_PriorityGroupConfig                 0x08000729   Thumb Code    10  misc.o(i.NVIC_PriorityGroupConfig)
    RCC_APB1PeriphClockCmd                   0x0800073d   Thumb Code    26  stm32f10x_rcc.o(i.RCC_APB1PeriphClockCmd)
    RCC_APB2PeriphClockCmd                   0x0800075d   Thumb Code    26  stm32f10x_rcc.o(i.RCC_APB2PeriphClockCmd)
    RCC_GetClocksFreq                        0x0800077d   Thumb Code   192  stm32f10x_rcc.o(i.RCC_GetClocksFreq)
    SysTick_CLKSourceConfig                  0x08000939   Thumb Code    40  misc.o(i.SysTick_CLKSourceConfig)
    SysTick_Handler                          0x08000961   Thumb Code    46  port.o(i.SysTick_Handler)
    SystemInit                               0x08000995   Thumb Code    78  system_stm32f10x.o(i.SystemInit)
    TIM6_IRQHandler                          0x080009f5   Thumb Code    58  main.o(i.TIM6_IRQHandler)
    TIM_ClearFlag                            0x08000a3d   Thumb Code     6  stm32f10x_tim.o(i.TIM_ClearFlag)
    TIM_ClearITPendingBit                    0x08000a43   Thumb Code     6  stm32f10x_tim.o(i.TIM_ClearITPendingBit)
    TIM_Cmd                                  0x08000a49   Thumb Code    24  stm32f10x_tim.o(i.TIM_Cmd)
    TIM_GetITStatus                          0x08000a61   Thumb Code    34  stm32f10x_tim.o(i.TIM_GetITStatus)
    TIM_ITConfig                             0x08000a83   Thumb Code    18  stm32f10x_tim.o(i.TIM_ITConfig)
    TIM_InternalClockConfig                  0x08000a95   Thumb Code    12  stm32f10x_tim.o(i.TIM_InternalClockConfig)
    TIM_TimeBaseInit                         0x08000aa1   Thumb Code   122  stm32f10x_tim.o(i.TIM_TimeBaseInit)
    USART1_IRQHandler                        0x08000b45   Thumb Code   160  uart.o(i.USART1_IRQHandler)
    USART_ClearFlag                          0x08000bfd   Thumb Code    18  stm32f10x_usart.o(i.USART_ClearFlag)
    USART_ClearITPendingBit                  0x08000c0f   Thumb Code    30  stm32f10x_usart.o(i.USART_ClearITPendingBit)
    USART_Cmd                                0x08000c2d   Thumb Code    24  stm32f10x_usart.o(i.USART_Cmd)
    USART_GetFlagStatus                      0x08000c45   Thumb Code    26  stm32f10x_usart.o(i.USART_GetFlagStatus)
    USART_ITConfig                           0x08000c5f   Thumb Code    74  stm32f10x_usart.o(i.USART_ITConfig)
    USART_Init                               0x08000ca9   Thumb Code   210  stm32f10x_usart.o(i.USART_Init)
    USART_ReceiveData                        0x08000d81   Thumb Code    10  stm32f10x_usart.o(i.USART_ReceiveData)
    UsageFault_Handler                       0x08000d8b   Thumb Code     4  stm32f10x_it.o(i.UsageFault_Handler)
    _is_digit                                0x08000d8f   Thumb Code    14  __printf_wp.o(i._is_digit)
    _sys_exit                                0x08000d9d   Thumb Code     4  uart.o(i._sys_exit)
    delay_init                               0x08000da1   Thumb Code    54  delay.o(i.delay_init)
    delay_ms                                 0x08000de5   Thumb Code    24  delay.o(i.delay_ms)
    delay_us                                 0x08000dfd   Thumb Code    68  delay.o(i.delay_us)
    fputc                                    0x08000e45   Thumb Code    24  uart.o(i.fputc)
    key_init                                 0x08000e61   Thumb Code   120  key.o(i.key_init)
    key_scan                                 0x08000ee1   Thumb Code   152  key.o(i.key_scan)
    led_init                                 0x08000f85   Thumb Code    96  led.o(i.led_init)
    main                                     0x08000fed   Thumb Code    66  main.o(i.main)
    oled_clear                               0x08001039   Thumb Code    42  oled.o(i.oled_clear)
    oled_init                                0x080011f1   Thumb Code   150  oled.o(i.oled_init)
    oled_show_char                           0x080012a9   Thumb Code   110  oled.o(i.oled_show_char)
    oled_show_string                         0x0800131d   Thumb Code    40  oled.o(i.oled_show_string)
    os_run                                   0x08001385   Thumb Code    28  freertos_run.o(i.os_run)
    pvPortMalloc                             0x08001821   Thumb Code   208  heap_4.o(i.pvPortMalloc)
    pxPortInitialiseStack                    0x08001905   Thumb Code    30  port.o(i.pxPortInitialiseStack)
    start_task                               0x08001929   Thumb Code    82  freertos_run.o(i.start_task)
    task1                                    0x080019b1   Thumb Code    66  freertos_run.o(i.task1)
    task2                                    0x08001a0d   Thumb Code    62  freertos_run.o(i.task2)
    task3                                    0x08001a65   Thumb Code    74  freertos_run.o(i.task3)
    timx_init                                0x08001b45   Thumb Code    42  gtim.o(i.timx_init)
    timx_run                                 0x08001b75   Thumb Code    12  gtim.o(i.timx_run)
    uart_init                                0x08001bd9   Thumb Code   122  uart.o(i.uart_init)
    uxListRemove                             0x08001c59   Thumb Code    40  list.o(i.uxListRemove)
    vListInitialise                          0x08001c81   Thumb Code    26  list.o(i.vListInitialise)
    vListInitialiseItem                      0x08001c9b   Thumb Code     6  list.o(i.vListInitialiseItem)
    vListInsert                              0x08001ca1   Thumb Code    52  list.o(i.vListInsert)
    vListInsertEnd                           0x08001cd5   Thumb Code    24  list.o(i.vListInsertEnd)
    vPortEnterCritical                       0x08001ced   Thumb Code    30  port.o(i.vPortEnterCritical)
    vPortExitCritical                        0x08001d11   Thumb Code    28  port.o(i.vPortExitCritical)
    vPortFree                                0x08001d31   Thumb Code    68  heap_4.o(i.vPortFree)
    vPortSetupTimerInterrupt                 0x08001d7d   Thumb Code    36  port.o(i.vPortSetupTimerInterrupt)
    vTaskDelay                               0x08001da5   Thumb Code    46  tasks.o(i.vTaskDelay)
    vTaskDelete                              0x08001dd9   Thumb Code   174  tasks.o(i.vTaskDelete)
    vTaskResume                              0x08001ead   Thumb Code   156  tasks.o(i.vTaskResume)
    vTaskStartScheduler                      0x08001f59   Thumb Code    76  tasks.o(i.vTaskStartScheduler)
    vTaskSuspend                             0x08001fc5   Thumb Code   188  tasks.o(i.vTaskSuspend)
    vTaskSuspendAll                          0x0800209d   Thumb Code    12  tasks.o(i.vTaskSuspendAll)
    vTaskSwitchContext                       0x080020ad   Thumb Code    76  tasks.o(i.vTaskSwitchContext)
    xPortStartScheduler                      0x0800210d   Thumb Code    42  port.o(i.xPortStartScheduler)
    xTaskCreate                              0x08002141   Thumb Code   104  tasks.o(i.xTaskCreate)
    xTaskIncrementTick                       0x080021a9   Thumb Code   356  tasks.o(i.xTaskIncrementTick)
    xTaskResumeAll                           0x08002339   Thumb Code   310  tasks.o(i.xTaskResumeAll)
    OLED_F8x16                               0x08002494   Data        1520  oled.o(.constdata)
    Region$$Table$$Base                      0x08002a98   Number         0  anon$$obj.o(Region$$Table)
    Region$$Table$$Limit                     0x08002ab8   Number         0  anon$$obj.o(Region$$Table)
    __stdout                                 0x20000000   Data           4  uart.o(.data)
    UART_Rx_Data                             0x20000004   Data           1  uart.o(.data)
    UART_Rx_Flag                             0x20000005   Data           1  uart.o(.data)
    UART_Tx_Packet                           0x20000006   Data           2  uart.o(.data)
    UART_Rx_Packet                           0x20000008   Data           2  uart.o(.data)
    start_task_handler                       0x20000028   Data           4  freertos_run.o(.data)
    task1_handler                            0x2000002c   Data           4  freertos_run.o(.data)
    task2_handler                            0x20000030   Data           4  freertos_run.o(.data)
    task3_handler                            0x20000034   Data           4  freertos_run.o(.data)
    SystemCoreClock                          0x20000038   Data           4  system_stm32f10x.o(.data)
    AHBPrescTable                            0x2000003c   Data          16  system_stm32f10x.o(.data)
    pxCurrentTCB                             0x20000050   Data           4  tasks.o(.data)
    uxTopUsedPriority                        0x20000088   Data           4  tasks.o(.data)
    __libspace_start                         0x20002b94   Data          96  libspace.o(.bss)
    __temporary_stack_top$libspace           0x20002bf4   Data           0  libspace.o(.bss)



==============================================================================

Memory Map of the image

  Image Entry point : 0x08000131

  Load Region LR_IROM1 (Base: 0x08000000, Size: 0x00002b68, Max: 0x00040000, ABSOLUTE)

    Execution Region ER_IROM1 (Exec base: 0x08000000, Load base: 0x08000000, Size: 0x00002ab8, Max: 0x00040000, ABSOLUTE)

    Exec Addr    Load Addr    Size         Type   Attr      Idx    E Section Name        Object

    0x08000000   0x08000000   0x00000130   Data   RO            3    RESET               startup_stm32f10x_hd.o
    0x08000130   0x08000130   0x00000008   Code   RO         4555  * !!!main             c_w.l(__main.o)
    0x08000138   0x08000138   0x00000034   Code   RO         4916    !!!scatter          c_w.l(__scatter.o)
    0x0800016c   0x0800016c   0x0000001a   Code   RO         4918    !!handler_copy      c_w.l(__scatter_copy.o)
    0x08000186   0x08000186   0x00000002   PAD
    0x08000188   0x08000188   0x0000001c   Code   RO         4920    !!handler_zi        c_w.l(__scatter_zi.o)
    0x080001a4   0x080001a4   0x00000000   Code   RO         4665    .ARM.Collect$$_printf_percent$$00000000  c_w.l(_printf_percent.o)
    0x080001a4   0x080001a4   0x00000004   Code   RO         4724    .ARM.Collect$$_printf_percent$$00000017  c_w.l(_printf_percent_end.o)
    0x080001a8   0x080001a8   0x00000002   Code   RO         4779    .ARM.Collect$$libinit$$00000000  c_w.l(libinit.o)
    0x080001aa   0x080001aa   0x00000000   Code   RO         4795    .ARM.Collect$$libinit$$00000002  c_w.l(libinit2.o)
    0x080001aa   0x080001aa   0x00000000   Code   RO         4797    .ARM.Collect$$libinit$$00000004  c_w.l(libinit2.o)
    0x080001aa   0x080001aa   0x00000000   Code   RO         4800    .ARM.Collect$$libinit$$0000000A  c_w.l(libinit2.o)
    0x080001aa   0x080001aa   0x00000000   Code   RO         4802    .ARM.Collect$$libinit$$0000000C  c_w.l(libinit2.o)
    0x080001aa   0x080001aa   0x00000000   Code   RO         4804    .ARM.Collect$$libinit$$0000000E  c_w.l(libinit2.o)
    0x080001aa   0x080001aa   0x00000000   Code   RO         4807    .ARM.Collect$$libinit$$00000011  c_w.l(libinit2.o)
    0x080001aa   0x080001aa   0x00000000   Code   RO         4809    .ARM.Collect$$libinit$$00000013  c_w.l(libinit2.o)
    0x080001aa   0x080001aa   0x00000000   Code   RO         4811    .ARM.Collect$$libinit$$00000015  c_w.l(libinit2.o)
    0x080001aa   0x080001aa   0x00000000   Code   RO         4813    .ARM.Collect$$libinit$$00000017  c_w.l(libinit2.o)
    0x080001aa   0x080001aa   0x00000000   Code   RO         4815    .ARM.Collect$$libinit$$00000019  c_w.l(libinit2.o)
    0x080001aa   0x080001aa   0x00000000   Code   RO         4817    .ARM.Collect$$libinit$$0000001B  c_w.l(libinit2.o)
    0x080001aa   0x080001aa   0x00000000   Code   RO         4819    .ARM.Collect$$libinit$$0000001D  c_w.l(libinit2.o)
    0x080001aa   0x080001aa   0x00000000   Code   RO         4821    .ARM.Collect$$libinit$$0000001F  c_w.l(libinit2.o)
    0x080001aa   0x080001aa   0x00000000   Code   RO         4823    .ARM.Collect$$libinit$$00000021  c_w.l(libinit2.o)
    0x080001aa   0x080001aa   0x00000000   Code   RO         4825    .ARM.Collect$$libinit$$00000023  c_w.l(libinit2.o)
    0x080001aa   0x080001aa   0x00000000   Code   RO         4827    .ARM.Collect$$libinit$$00000025  c_w.l(libinit2.o)
    0x080001aa   0x080001aa   0x00000000   Code   RO         4831    .ARM.Collect$$libinit$$0000002C  c_w.l(libinit2.o)
    0x080001aa   0x080001aa   0x00000000   Code   RO         4833    .ARM.Collect$$libinit$$0000002E  c_w.l(libinit2.o)
    0x080001aa   0x080001aa   0x00000000   Code   RO         4835    .ARM.Collect$$libinit$$00000030  c_w.l(libinit2.o)
    0x080001aa   0x080001aa   0x00000000   Code   RO         4837    .ARM.Collect$$libinit$$00000032  c_w.l(libinit2.o)
    0x080001aa   0x080001aa   0x00000002   Code   RO         4838    .ARM.Collect$$libinit$$00000033  c_w.l(libinit2.o)
    0x080001ac   0x080001ac   0x00000002   Code   RO         4856    .ARM.Collect$$libshutdown$$00000000  c_w.l(libshutdown.o)
    0x080001ae   0x080001ae   0x00000000   Code   RO         4866    .ARM.Collect$$libshutdown$$00000002  c_w.l(libshutdown2.o)
    0x080001ae   0x080001ae   0x00000000   Code   RO         4868    .ARM.Collect$$libshutdown$$00000004  c_w.l(libshutdown2.o)
    0x080001ae   0x080001ae   0x00000000   Code   RO         4870    .ARM.Collect$$libshutdown$$00000006  c_w.l(libshutdown2.o)
    0x080001ae   0x080001ae   0x00000000   Code   RO         4873    .ARM.Collect$$libshutdown$$00000009  c_w.l(libshutdown2.o)
    0x080001ae   0x080001ae   0x00000000   Code   RO         4876    .ARM.Collect$$libshutdown$$0000000C  c_w.l(libshutdown2.o)
    0x080001ae   0x080001ae   0x00000000   Code   RO         4878    .ARM.Collect$$libshutdown$$0000000E  c_w.l(libshutdown2.o)
    0x080001ae   0x080001ae   0x00000000   Code   RO         4881    .ARM.Collect$$libshutdown$$00000011  c_w.l(libshutdown2.o)
    0x080001ae   0x080001ae   0x00000002   Code   RO         4882    .ARM.Collect$$libshutdown$$00000012  c_w.l(libshutdown2.o)
    0x080001b0   0x080001b0   0x00000000   Code   RO         4581    .ARM.Collect$$rtentry$$00000000  c_w.l(__rtentry.o)
    0x080001b0   0x080001b0   0x00000000   Code   RO         4695    .ARM.Collect$$rtentry$$00000002  c_w.l(__rtentry2.o)
    0x080001b0   0x080001b0   0x00000006   Code   RO         4707    .ARM.Collect$$rtentry$$00000004  c_w.l(__rtentry4.o)
    0x080001b6   0x080001b6   0x00000000   Code   RO         4697    .ARM.Collect$$rtentry$$00000009  c_w.l(__rtentry2.o)
    0x080001b6   0x080001b6   0x00000004   Code   RO         4698    .ARM.Collect$$rtentry$$0000000A  c_w.l(__rtentry2.o)
    0x080001ba   0x080001ba   0x00000000   Code   RO         4700    .ARM.Collect$$rtentry$$0000000C  c_w.l(__rtentry2.o)
    0x080001ba   0x080001ba   0x00000008   Code   RO         4701    .ARM.Collect$$rtentry$$0000000D  c_w.l(__rtentry2.o)
    0x080001c2   0x080001c2   0x00000002   Code   RO         4787    .ARM.Collect$$rtexit$$00000000  c_w.l(rtexit.o)
    0x080001c4   0x080001c4   0x00000000   Code   RO         4840    .ARM.Collect$$rtexit$$00000002  c_w.l(rtexit2.o)
    0x080001c4   0x080001c4   0x00000004   Code   RO         4841    .ARM.Collect$$rtexit$$00000003  c_w.l(rtexit2.o)
    0x080001c8   0x080001c8   0x00000006   Code   RO         4842    .ARM.Collect$$rtexit$$00000004  c_w.l(rtexit2.o)
    0x080001ce   0x080001ce   0x00000002   PAD
    0x080001d0   0x080001d0   0x00000096   Code   RO         4466    .emb_text           port.o
    0x08000266   0x08000266   0x00000002   PAD
    0x08000268   0x08000268   0x00000040   Code   RO            4    .text               startup_stm32f10x_hd.o
    0x080002a8   0x080002a8   0x00000002   Code   RO         4539    .text               c_w.l(use_no_semi_2.o)
    0x080002aa   0x080002aa   0x00000002   PAD
    0x080002ac   0x080002ac   0x00000018   Code   RO         4543    .text               c_w.l(__2printf.o)
    0x080002c4   0x080002c4   0x0000004e   Code   RO         4551    .text               c_w.l(rt_memclr_w.o)
    0x08000312   0x08000312   0x00000006   Code   RO         4553    .text               c_w.l(heapauxi.o)
    0x08000318   0x08000318   0x00000002   Code   RO         4579    .text               c_w.l(use_no_semi.o)
    0x0800031a   0x0800031a   0x00000002   PAD
    0x0800031c   0x0800031c   0x00000030   Code   RO         4594    .text               c_w.l(_printf_char_common.o)
    0x0800034c   0x0800034c   0x00000024   Code   RO         4598    .text               c_w.l(_printf_char_file.o)
    0x08000370   0x08000370   0x00000188   Code   RO         4649    .text               c_w.l(__printf_flags_ss_wp.o)
    0x080004f8   0x080004f8   0x00000008   Code   RO         4725    .text               c_w.l(ferror.o)
    0x08000500   0x08000500   0x0000004a   Code   RO         4733    .text               c_w.l(sys_stackheap_outer.o)
    0x0800054a   0x0800054a   0x00000012   Code   RO         4772    .text               c_w.l(exit.o)
    0x0800055c   0x0800055c   0x00000008   Code   RO         4784    .text               c_w.l(libspace.o)
    0x08000564   0x08000564   0x00000004   Code   RO         3361    i.BusFault_Handler  stm32f10x_it.o
    0x08000568   0x08000568   0x00000002   Code   RO         3362    i.DebugMon_Handler  stm32f10x_it.o
    0x0800056a   0x0800056a   0x00000116   Code   RO         1436    i.GPIO_Init         stm32f10x_gpio.o
    0x08000680   0x08000680   0x00000012   Code   RO         1440    i.GPIO_ReadInputDataBit  stm32f10x_gpio.o
    0x08000692   0x08000692   0x00000012   Code   RO         1442    i.GPIO_ReadOutputDataBit  stm32f10x_gpio.o
    0x080006a4   0x080006a4   0x0000000a   Code   RO         1447    i.GPIO_WriteBit     stm32f10x_gpio.o
    0x080006ae   0x080006ae   0x00000004   Code   RO         3363    i.HardFault_Handler  stm32f10x_it.o
    0x080006b2   0x080006b2   0x00000004   Code   RO         3364    i.MemManage_Handler  stm32f10x_it.o
    0x080006b6   0x080006b6   0x00000002   Code   RO         3365    i.NMI_Handler       stm32f10x_it.o
    0x080006b8   0x080006b8   0x00000070   Code   RO          285    i.NVIC_Init         misc.o
    0x08000728   0x08000728   0x00000014   Code   RO          286    i.NVIC_PriorityGroupConfig  misc.o
    0x0800073c   0x0800073c   0x00000020   Code   RO         1852    i.RCC_APB1PeriphClockCmd  stm32f10x_rcc.o
    0x0800075c   0x0800075c   0x00000020   Code   RO         1854    i.RCC_APB2PeriphClockCmd  stm32f10x_rcc.o
    0x0800077c   0x0800077c   0x000000d4   Code   RO         1862    i.RCC_GetClocksFreq  stm32f10x_rcc.o
    0x08000850   0x08000850   0x00000008   Code   RO         3406    i.SetSysClock       system_stm32f10x.o
    0x08000858   0x08000858   0x000000e0   Code   RO         3407    i.SetSysClockTo72   system_stm32f10x.o
    0x08000938   0x08000938   0x00000028   Code   RO          289    i.SysTick_CLKSourceConfig  misc.o
    0x08000960   0x08000960   0x00000034   Code   RO         4467    i.SysTick_Handler   port.o
    0x08000994   0x08000994   0x00000060   Code   RO         3409    i.SystemInit        system_stm32f10x.o
    0x080009f4   0x080009f4   0x00000048   Code   RO         3252    i.TIM6_IRQHandler   main.o
    0x08000a3c   0x08000a3c   0x00000006   Code   RO         2480    i.TIM_ClearFlag     stm32f10x_tim.o
    0x08000a42   0x08000a42   0x00000006   Code   RO         2481    i.TIM_ClearITPendingBit  stm32f10x_tim.o
    0x08000a48   0x08000a48   0x00000018   Code   RO         2486    i.TIM_Cmd           stm32f10x_tim.o
    0x08000a60   0x08000a60   0x00000022   Code   RO         2507    i.TIM_GetITStatus   stm32f10x_tim.o
    0x08000a82   0x08000a82   0x00000012   Code   RO         2511    i.TIM_ITConfig      stm32f10x_tim.o
    0x08000a94   0x08000a94   0x0000000c   Code   RO         2513    i.TIM_InternalClockConfig  stm32f10x_tim.o
    0x08000aa0   0x08000aa0   0x000000a4   Code   RO         2557    i.TIM_TimeBaseInit  stm32f10x_tim.o
    0x08000b44   0x08000b44   0x000000b8   Code   RO           10    i.USART1_IRQHandler  uart.o
    0x08000bfc   0x08000bfc   0x00000012   Code   RO         3018    i.USART_ClearFlag   stm32f10x_usart.o
    0x08000c0e   0x08000c0e   0x0000001e   Code   RO         3019    i.USART_ClearITPendingBit  stm32f10x_usart.o
    0x08000c2c   0x08000c2c   0x00000018   Code   RO         3022    i.USART_Cmd         stm32f10x_usart.o
    0x08000c44   0x08000c44   0x0000001a   Code   RO         3025    i.USART_GetFlagStatus  stm32f10x_usart.o
    0x08000c5e   0x08000c5e   0x0000004a   Code   RO         3028    i.USART_ITConfig    stm32f10x_usart.o
    0x08000ca8   0x08000ca8   0x000000d8   Code   RO         3029    i.USART_Init        stm32f10x_usart.o
    0x08000d80   0x08000d80   0x0000000a   Code   RO         3036    i.USART_ReceiveData  stm32f10x_usart.o
    0x08000d8a   0x08000d8a   0x00000004   Code   RO         3366    i.UsageFault_Handler  stm32f10x_it.o
    0x08000d8e   0x08000d8e   0x0000000e   Code   RO         4642    i._is_digit         c_w.l(__printf_wp.o)
    0x08000d9c   0x08000d9c   0x00000004   Code   RO           11    i._sys_exit         uart.o
    0x08000da0   0x08000da0   0x00000044   Code   RO          232    i.delay_init        delay.o
    0x08000de4   0x08000de4   0x00000018   Code   RO          233    i.delay_ms          delay.o
    0x08000dfc   0x08000dfc   0x00000048   Code   RO          234    i.delay_us          delay.o
    0x08000e44   0x08000e44   0x0000001c   Code   RO           12    i.fputc             uart.o
    0x08000e60   0x08000e60   0x00000080   Code   RO         3452    i.key_init          key.o
    0x08000ee0   0x08000ee0   0x000000a4   Code   RO         3453    i.key_scan          key.o
    0x08000f84   0x08000f84   0x00000068   Code   RO         3440    i.led_init          led.o
    0x08000fec   0x08000fec   0x0000004c   Code   RO         3253    i.main              main.o
    0x08001038   0x08001038   0x0000002a   Code   RO         3471    i.oled_clear        oled.o
    0x08001062   0x08001062   0x00000002   PAD
    0x08001064   0x08001064   0x00000070   Code   RO         3472    i.oled_gpio_init    oled.o
    0x080010d4   0x080010d4   0x0000000a   Code   RO         3473    i.oled_iic_delay    oled.o
    0x080010de   0x080010de   0x00000002   PAD
    0x080010e0   0x080010e0   0x00000080   Code   RO         3474    i.oled_iic_send_byte  oled.o
    0x08001160   0x08001160   0x00000050   Code   RO         3475    i.oled_iic_start    oled.o
    0x080011b0   0x080011b0   0x00000040   Code   RO         3476    i.oled_iic_stop     oled.o
    0x080011f0   0x080011f0   0x00000096   Code   RO         3477    i.oled_init         oled.o
    0x08001286   0x08001286   0x00000022   Code   RO         3479    i.oled_set_pos      oled.o
    0x080012a8   0x080012a8   0x00000074   Code   RO         3481    i.oled_show_char    oled.o
    0x0800131c   0x0800131c   0x00000028   Code   RO         3486    i.oled_show_string  oled.o
    0x08001344   0x08001344   0x00000020   Code   RO         3487    i.oled_write_command  oled.o
    0x08001364   0x08001364   0x00000020   Code   RO         3488    i.oled_write_data   oled.o
    0x08001384   0x08001384   0x00000030   Code   RO         3322    i.os_run            freertos_run.o
    0x080013b4   0x080013b4   0x000000c0   Code   RO         4088    i.prvAddCurrentTaskToDelayedList  tasks.o
    0x08001474   0x08001474   0x000000e4   Code   RO         4089    i.prvAddNewTaskToReadyList  tasks.o
    0x08001558   0x08001558   0x00000048   Code   RO         4090    i.prvCheckTasksWaitingTermination  tasks.o
    0x080015a0   0x080015a0   0x00000012   Code   RO         4091    i.prvDeleteTCB      tasks.o
    0x080015b2   0x080015b2   0x00000002   PAD
    0x080015b4   0x080015b4   0x00000070   Code   RO         4405    i.prvHeapInit       heap_4.o
    0x08001624   0x08001624   0x00000028   Code   RO         4092    i.prvIdleTask       tasks.o
    0x0800164c   0x0800164c   0x0000007a   Code   RO         4093    i.prvInitialiseNewTask  tasks.o
    0x080016c6   0x080016c6   0x00000002   PAD
    0x080016c8   0x080016c8   0x00000068   Code   RO         4094    i.prvInitialiseTaskLists  tasks.o
    0x08001730   0x08001730   0x00000068   Code   RO         4406    i.prvInsertBlockIntoFreeList  heap_4.o
    0x08001798   0x08001798   0x00000030   Code   RO         4095    i.prvResetNextTaskUnblockTime  tasks.o
    0x080017c8   0x080017c8   0x00000016   Code   RO         4468    i.prvTaskExitError  port.o
    0x080017de   0x080017de   0x00000002   PAD
    0x080017e0   0x080017e0   0x00000040   Code   RO         4096    i.prvTaskIsTaskSuspended  tasks.o
    0x08001820   0x08001820   0x000000e4   Code   RO         4408    i.pvPortMalloc      heap_4.o
    0x08001904   0x08001904   0x00000024   Code   RO         4469    i.pxPortInitialiseStack  port.o
    0x08001928   0x08001928   0x00000088   Code   RO         3323    i.start_task        freertos_run.o
    0x080019b0   0x080019b0   0x0000005c   Code   RO         3324    i.task1             freertos_run.o
    0x08001a0c   0x08001a0c   0x00000058   Code   RO         3325    i.task2             freertos_run.o
    0x08001a64   0x08001a64   0x00000074   Code   RO         3326    i.task3             freertos_run.o
    0x08001ad8   0x08001ad8   0x0000006a   Code   RO         3582    i.tim_timx_int_init  gtim.o
    0x08001b42   0x08001b42   0x00000002   PAD
    0x08001b44   0x08001b44   0x00000030   Code   RO         3583    i.timx_init         gtim.o
    0x08001b74   0x08001b74   0x00000010   Code   RO         3584    i.timx_run          gtim.o
    0x08001b84   0x08001b84   0x00000054   Code   RO           15    i.uart_gpio_init    uart.o
    0x08001bd8   0x08001bd8   0x00000080   Code   RO           16    i.uart_init         uart.o
    0x08001c58   0x08001c58   0x00000028   Code   RO         3706    i.uxListRemove      list.o
    0x08001c80   0x08001c80   0x0000001a   Code   RO         3707    i.vListInitialise   list.o
    0x08001c9a   0x08001c9a   0x00000006   Code   RO         3708    i.vListInitialiseItem  list.o
    0x08001ca0   0x08001ca0   0x00000034   Code   RO         3709    i.vListInsert       list.o
    0x08001cd4   0x08001cd4   0x00000018   Code   RO         3710    i.vListInsertEnd    list.o
    0x08001cec   0x08001cec   0x00000024   Code   RO         4471    i.vPortEnterCritical  port.o
    0x08001d10   0x08001d10   0x00000020   Code   RO         4472    i.vPortExitCritical  port.o
    0x08001d30   0x08001d30   0x0000004c   Code   RO         4409    i.vPortFree         heap_4.o
    0x08001d7c   0x08001d7c   0x00000028   Code   RO         4473    i.vPortSetupTimerInterrupt  port.o
    0x08001da4   0x08001da4   0x00000034   Code   RO         4103    i.vTaskDelay        tasks.o
    0x08001dd8   0x08001dd8   0x000000d4   Code   RO         4104    i.vTaskDelete       tasks.o
    0x08001eac   0x08001eac   0x000000ac   Code   RO         4113    i.vTaskResume       tasks.o
    0x08001f58   0x08001f58   0x0000006c   Code   RO         4115    i.vTaskStartScheduler  tasks.o
    0x08001fc4   0x08001fc4   0x000000d8   Code   RO         4116    i.vTaskSuspend      tasks.o
    0x0800209c   0x0800209c   0x00000010   Code   RO         4117    i.vTaskSuspendAll   tasks.o
    0x080020ac   0x080020ac   0x00000060   Code   RO         4118    i.vTaskSwitchContext  tasks.o
    0x0800210c   0x0800210c   0x00000034   Code   RO         4474    i.xPortStartScheduler  port.o
    0x08002140   0x08002140   0x00000068   Code   RO         4121    i.xTaskCreate       tasks.o
    0x080021a8   0x080021a8   0x00000190   Code   RO         4131    i.xTaskIncrementTick  tasks.o
    0x08002338   0x08002338   0x0000015c   Code   RO         4133    i.xTaskResumeAll    tasks.o
    0x08002494   0x08002494   0x000005f0   Data   RO         3489    .constdata          oled.o
    0x08002a84   0x08002a84   0x00000011   Data   RO         4650    .constdata          c_w.l(__printf_flags_ss_wp.o)
    0x08002a95   0x08002a95   0x00000003   PAD
    0x08002a98   0x08002a98   0x00000020   Data   RO         4914    Region$$Table       anon$$obj.o


    Execution Region RW_IRAM1 (Exec base: 0x20000000, Load base: 0x08002ab8, Size: 0x000031f8, Max: 0x0000c000, ABSOLUTE)

    Exec Addr    Load Addr    Size         Type   Attr      Idx    E Section Name        Object

    0x20000000   0x08002ab8   0x0000000c   Data   RW           24    .data               uart.o
    0x2000000c   0x08002ac4   0x00000002   Data   RW          235    .data               delay.o
    0x2000000e   0x08002ac6   0x00000014   Data   RW         1882    .data               stm32f10x_rcc.o
    0x20000022   0x08002ada   0x00000004   Data   RW         3254    .data               main.o
    0x20000026   0x08002ade   0x00000002   PAD
    0x20000028   0x08002ae0   0x00000010   Data   RW         3327    .data               freertos_run.o
    0x20000038   0x08002af0   0x00000014   Data   RW         3410    .data               system_stm32f10x.o
    0x2000004c   0x08002b04   0x00000001   Data   RW         3454    .data               key.o
    0x2000004d   0x08002b05   0x00000003   PAD
    0x20000050   0x08002b08   0x00000040   Data   RW         4136    .data               tasks.o
    0x20000090   0x08002b48   0x0000001c   Data   RW         4415    .data               heap_4.o
    0x200000ac   0x08002b64   0x00000004   Data   RW         4475    .data               port.o
    0x200000b0        -       0x000002e4   Zero   RW         4135    .bss                tasks.o
    0x20000394        -       0x00002800   Zero   RW         4414    .bss                heap_4.o
    0x20002b94        -       0x00000060   Zero   RW         4785    .bss                c_w.l(libspace.o)
    0x20002bf4   0x08002b68   0x00000004   PAD
    0x20002bf8        -       0x00000200   Zero   RW            2    HEAP                startup_stm32f10x_hd.o
    0x20002df8        -       0x00000400   Zero   RW            1    STACK               startup_stm32f10x_hd.o


==============================================================================

Image component sizes


      Code (inc. data)   RO Data    RW Data    ZI Data      Debug   Object Name

       164         18          0          2          0       6699   delay.o
         0          0          0          0          0       2548   event_groups.o
       480        168          0         16          0       3225   freertos_run.o
       170         10          0          0          0       2279   gtim.o
       520         58          0         28      10240       4823   heap_4.o
       292         20          0          1          0       1254   key.o
       104          8          0          0          0        547   led.o
       148          0          0          0          0       3326   list.o
       148         24          0          4          0      10705   main.o
       172         22          0          0          0       2365   misc.o
       840         24       1520          0          0       7534   oled.o
       420         48          0          4          0       9464   port.o
        64         26        304          0       1536        932   startup_stm32f10x_hd.o
       324          0          0          0          0       4165   stm32f10x_gpio.o
        20          0          0          0          0       2801   stm32f10x_it.o
       276         32          0         20          0       4802   stm32f10x_rcc.o
       264         42          0          0          0       5200   stm32f10x_tim.o
       398          6          0          0          0       6652   stm32f10x_usart.o
       328         28          0         20          0       2689   system_stm32f10x.o
      2612        352          0         64        740      29234   tasks.o
       428         40          0         12          0     259022   uart.o

    ----------------------------------------------------------------------
      8186        926       1856        176      12516     370266   Object Totals
         0          0         32          0          0          0   (incl. Generated)
        14          0          0          5          0          0   (incl. Padding)

    ----------------------------------------------------------------------

      Code (inc. data)   RO Data    RW Data    ZI Data      Debug   Library Member Name

        24          4          0          0          0         84   __2printf.o
         8          0          0          0          0         68   __main.o
       392          4         17          0          0         92   __printf_flags_ss_wp.o
        14          0          0          0          0         68   __printf_wp.o
         0          0          0          0          0          0   __rtentry.o
        12          0          0          0          0          0   __rtentry2.o
         6          0          0          0          0          0   __rtentry4.o
        52          8          0          0          0          0   __scatter.o
        26          0          0          0          0          0   __scatter_copy.o
        28          0          0          0          0          0   __scatter_zi.o
        48          6          0          0          0         96   _printf_char_common.o
        36          4          0          0          0         80   _printf_char_file.o
         0          0          0          0          0          0   _printf_percent.o
         4          0          0          0          0          0   _printf_percent_end.o
        18          0          0          0          0         80   exit.o
         8          0          0          0          0         68   ferror.o
         6          0          0          0          0        152   heapauxi.o
         2          0          0          0          0          0   libinit.o
         2          0          0          0          0          0   libinit2.o
         2          0          0          0          0          0   libshutdown.o
         2          0          0          0          0          0   libshutdown2.o
         8          4          0          0         96         68   libspace.o
        78          0          0          0          0         80   rt_memclr_w.o
         2          0          0          0          0          0   rtexit.o
        10          0          0          0          0          0   rtexit2.o
        74          0          0          0          0         80   sys_stackheap_outer.o
         2          0          0          0          0         68   use_no_semi.o
         2          0          0          0          0         68   use_no_semi_2.o

    ----------------------------------------------------------------------
       874         30         20          0        100       1152   Library Totals
         8          0          3          0          4          0   (incl. Padding)

    ----------------------------------------------------------------------

      Code (inc. data)   RO Data    RW Data    ZI Data      Debug   Library Name

       866         30         17          0         96       1152   c_w.l

    ----------------------------------------------------------------------
       874         30         20          0        100       1152   Library Totals

    ----------------------------------------------------------------------

==============================================================================


      Code (inc. data)   RO Data    RW Data    ZI Data      Debug   

      9060        956       1876        176      12616     365850   Grand Totals
      9060        956       1876        176      12616     365850   ELF Image Totals
      9060        956       1876        176          0          0   ROM Totals

==============================================================================

    Total RO  Size (Code + RO Data)                10936 (  10.68kB)
    Total RW  Size (RW Data + ZI Data)             12792 (  12.49kB)
    Total ROM Size (Code + RO Data + RW Data)      11112 (  10.85kB)

==============================================================================

